******************************************************************************
                  TI ARM Linker PC v18.1.4                     
******************************************************************************
>> Linked Tue Nov 26 18:12:04 2019

OUTPUT FILE NAME:   <new_reshmi.out>
ENTRY POINT SYMBOL: "_c_int00_noargs"  address: 00000729


MEMORY CONFIGURATION

         name            origin    length      used     unused   attr    fill
----------------------  --------  ---------  --------  --------  ----  --------
  FLASH                 00000000   00040000  000007d8  0003f828  R  X
  SRAM                  20000000   00008000  00000205  00007dfb  RW X


SEGMENT ALLOCATION MAP

run origin  load origin   length   init length attrs members
----------  ----------- ---------- ----------- ----- -------
00000000    00000000    000007d8   000007d8    r-x
  00000000    00000000    0000026c   0000026c    r-- .intvecs
  0000026c    0000026c    0000053c   0000053c    r-x .text
  000007a8    000007a8    00000018   00000018    r-- .const
  000007c0    000007c0    00000018   00000018    r-- .cinit
20000000    20000000    00000205   00000000    rw-
  20000000    20000000    00000200   00000000    rw- .stack
  20000200    20000200    00000005   00000000    rw- .data


SECTION ALLOCATION MAP

 output                                  attributes/
section   page    origin      length       input sections
--------  ----  ----------  ----------   ----------------
.intvecs   0    00000000    0000026c     
                  00000000    0000026c     startup_ccs.obj (.intvecs)

.text      0    0000026c    0000053c     
                  0000026c    000001ea     uartstdio.obj (.text:UARTvprintf)
                  00000456    00000002     startup_ccs.obj (.text:FaultISR)
                  00000458    000000a0     new.obj (.text:main)
                  000004f8    0000009c     rtsv7M4_T_le_v4SPD16_eabi.lib : memcpy_t2.asm.obj (.text)
                  00000594    00000068                                   : copy_decompress_lzss.c.obj (.text:decompress:lzss:__TI_decompress_lzss)
                  000005fc    00000060     uartstdio.obj (.text:UARTStdioConfig)
                  0000065c    00000048     uartstdio.obj (.text:UARTwrite)
                  000006a4    00000044     rtsv7M4_T_le_v4SPD16_eabi.lib : autoinit.c.obj (.text:__TI_auto_init_nobinit_nopinit:__TI_auto_init_nobinit_nopinit)
                  000006e8    00000040                                   : u_divt2.asm.obj (.text)
                  00000728    00000038                                   : boot_cortex_m.c.obj (.text:_c_int00_noargs:_c_int00_noargs)
                  00000760    0000001a     uartstdio.obj (.text:UARTprintf)
                  0000077a    0000000e     rtsv7M4_T_le_v4SPD16_eabi.lib : copy_decompress_none.c.obj (.text:decompress:none:__TI_decompress_none)
                  00000788    00000006     startup_ccs.obj (.text:ResetISR)
                  0000078e    00000006     driverlib.lib : sysctl.obj (.text:SysCtlDelay)
                  00000794    00000006                   : uart.obj (.text:UARTClockSourceSet)
                  0000079a    00000004     rtsv7M4_T_le_v4SPD16_eabi.lib : pre_init.c.obj (.text:_system_pre_init)
                  0000079e    00000004                                   : exit.c.obj (.text:abort:abort)
                  000007a2    00000002     startup_ccs.obj (.text:IntDefaultHandler)
                  000007a4    00000002     startup_ccs.obj (.text:NmiSR)
                  000007a6    00000002     rtsv7M4_T_le_v4SPD16_eabi.lib : div0.asm.obj (.text)

.const     0    000007a8    00000018     
                  000007a8    0000000c     uartstdio.obj (.const:g_ui32UARTBase)
                  000007b4    0000000c     uartstdio.obj (.const:g_ui32UARTPeriph)

.cinit     0    000007c0    00000018     
                  000007c0    00000008     (__TI_handler_table)
                  000007c8    00000007     (.cinit..data.load) [load image, compression = lzss]
                  000007cf    00000001     --HOLE-- [fill = 0]
                  000007d0    00000008     (__TI_cinit_table)

.init_array 
*          0    00000000    00000000     UNINITIALIZED

.data      0    20000200    00000005     UNINITIALIZED
                  20000200    00000005     uartstdio.obj (.data)

.stack     0    20000000    00000200     UNINITIALIZED
                  20000000    00000004     rtsv7M4_T_le_v4SPD16_eabi.lib : boot_cortex_m.c.obj (.stack)
                  20000004    000001fc     --HOLE--

MODULE SUMMARY

       Module                       code   ro data   rw data
       ------                       ----   -------   -------
    .\
       startup_ccs.obj              12     620       0      
       new.obj                      160    0         0      
    +--+----------------------------+------+---------+---------+
       Total:                       172    620       0      
                                                            
    .\utils\
       uartstdio.obj                684    24        5      
    +--+----------------------------+------+---------+---------+
       Total:                       684    24        5      
                                                            
    C:/ti/TivaWare_C_Series-2.1.4.178/driverlib/ccs/Debug/driverlib.lib
       sysctl.obj                   6      0         0      
       uart.obj                     6      0         0      
    +--+----------------------------+------+---------+---------+
       Total:                       12     0         0      
                                                            
    C:\ti\ccsv8\tools\compiler\ti-cgt-arm_18.1.4.LTS\lib\rtsv7M4_T_le_v4SPD16_eabi.lib
       memcpy_t2.asm.obj            156    0         0      
       copy_decompress_lzss.c.obj   104    0         0      
       autoinit.c.obj               68     0         0      
       u_divt2.asm.obj              64     0         0      
       boot_cortex_m.c.obj          56     0         0      
       copy_decompress_none.c.obj   14     0         0      
       exit.c.obj                   4      0         0      
       pre_init.c.obj               4      0         0      
       div0.asm.obj                 2      0         0      
    +--+----------------------------+------+---------+---------+
       Total:                       472    0         0      
                                                            
       Stack:                       0      0         512    
       Linker Generated:            0      23        0      
    +--+----------------------------+------+---------+---------+
       Grand Total:                 1340   667       517    


LINKER GENERATED COPY TABLES

__TI_cinit_table @ 000007d0 records: 1, size/record: 8, table size: 8
	.data: load addr=000007c8, load size=00000007 bytes, run addr=20000200, run size=00000005 bytes, compression=lzss


LINKER GENERATED HANDLER TABLE

__TI_handler_table @ 000007c0 records: 2, size/record: 4, table size: 8
	index: 0, handler: __TI_decompress_lzss
	index: 1, handler: __TI_decompress_none


GLOBAL SYMBOLS: SORTED ALPHABETICALLY BY Name 

address   name                          
-------   ----                          
0000079f  C$$EXIT                       
00000789  ResetISR                      
0000078f  SysCtlDelay                   
00000795  UARTClockSourceSet            
000005fd  UARTStdioConfig               
00000761  UARTprintf                    
0000026d  UARTvprintf                   
0000065d  UARTwrite                     
20000200  __STACK_END                   
00000200  __STACK_SIZE                  
20000200  __STACK_TOP                   
000007d0  __TI_CINIT_Base               
000007d8  __TI_CINIT_Limit              
000007c0  __TI_Handler_Table_Base       
000007c8  __TI_Handler_Table_Limit      
000006a5  __TI_auto_init_nobinit_nopinit
00000595  __TI_decompress_lzss          
0000077b  __TI_decompress_none          
ffffffff  __TI_pprof_out_hndl           
ffffffff  __TI_prof_data_size           
ffffffff  __TI_prof_data_start          
00000000  __TI_static_base__            
000007a7  __aeabi_idiv0                 
000007a7  __aeabi_ldiv0                 
000004f9  __aeabi_memcpy                
000004f9  __aeabi_memcpy4               
000004f9  __aeabi_memcpy8               
000006e9  __aeabi_uidiv                 
000006e9  __aeabi_uidivmod              
ffffffff  __binit__                     
ffffffff  __c_args__                    
UNDEFED   __mpu_init                    
20000000  __stack                       
00000729  _c_int00_noargs               
UNDEFED   _system_post_cinit            
0000079b  _system_pre_init              
0000079f  abort                         
ffffffff  binit                         
00000000  g_pfnVectors                  
00000459  main                          
000004f9  memcpy                        


GLOBAL SYMBOLS: SORTED BY Symbol Address 

address   name                          
-------   ----                          
00000000  __TI_static_base__            
00000000  g_pfnVectors                  
00000200  __STACK_SIZE                  
0000026d  UARTvprintf                   
00000459  main                          
000004f9  __aeabi_memcpy                
000004f9  __aeabi_memcpy4               
000004f9  __aeabi_memcpy8               
000004f9  memcpy                        
00000595  __TI_decompress_lzss          
000005fd  UARTStdioConfig               
0000065d  UARTwrite                     
000006a5  __TI_auto_init_nobinit_nopinit
000006e9  __aeabi_uidiv                 
000006e9  __aeabi_uidivmod              
00000729  _c_int00_noargs               
00000761  UARTprintf                    
0000077b  __TI_decompress_none          
00000789  ResetISR                      
0000078f  SysCtlDelay                   
00000795  UARTClockSourceSet            
0000079b  _system_pre_init              
0000079f  C$$EXIT                       
0000079f  abort                         
000007a7  __aeabi_idiv0                 
000007a7  __aeabi_ldiv0                 
000007c0  __TI_Handler_Table_Base       
000007c8  __TI_Handler_Table_Limit      
000007d0  __TI_CINIT_Base               
000007d8  __TI_CINIT_Limit              
20000000  __stack                       
20000200  __STACK_END                   
20000200  __STACK_TOP                   
ffffffff  __TI_pprof_out_hndl           
ffffffff  __TI_prof_data_size           
ffffffff  __TI_prof_data_start          
ffffffff  __binit__                     
ffffffff  __c_args__                    
ffffffff  binit                         
UNDEFED   __mpu_init                    
UNDEFED   _system_post_cinit            

[41 symbols]
