<?xml version="1.0" encoding="ISO-8859-1" ?>
<link_info>
   <banner>TI ARM Linker PC v18.1.4.LTS</banner>
   <copyright>Copyright (c) 1996-2018 Texas Instruments Incorporated</copyright>
   <link_time>0x5ddd5ce4</link_time>
   <link_errors>0x0</link_errors>
   <output_file>new_reshmi.out</output_file>
   <entry_point>
      <name>_c_int00_noargs</name>
      <address>0x729</address>
   </entry_point>
   <input_file_list>
      <input_file id="fl-2">
         <path>.\</path>
         <kind>object</kind>
         <file>new.obj</file>
         <name>new.obj</name>
      </input_file>
      <input_file id="fl-3">
         <path>.\</path>
         <kind>object</kind>
         <file>startup_ccs.obj</file>
         <name>startup_ccs.obj</name>
      </input_file>
      <input_file id="fl-4">
         <path>.\utils\</path>
         <kind>object</kind>
         <file>uartstdio.obj</file>
         <name>uartstdio.obj</name>
      </input_file>
      <input_file id="fl-9">
         <kind>object</kind>
         <file>&lt;internal&gt;</file>
         <name>&lt;internal&gt;</name>
      </input_file>
      <input_file id="fl-bf">
         <path>C:\ti\ccsv8\tools\compiler\ti-cgt-arm_18.1.4.LTS\lib\</path>
         <kind>archive</kind>
         <file>rtsv7M4_T_le_v4SPD16_eabi.lib</file>
         <name>u_divt2.asm.obj</name>
      </input_file>
      <input_file id="fl-c0">
         <path>C:\ti\ccsv8\tools\compiler\ti-cgt-arm_18.1.4.LTS\lib\</path>
         <kind>archive</kind>
         <file>rtsv7M4_T_le_v4SPD16_eabi.lib</file>
         <name>copy_zero_init.c.obj</name>
      </input_file>
      <input_file id="fl-c1">
         <path>C:\ti\ccsv8\tools\compiler\ti-cgt-arm_18.1.4.LTS\lib\</path>
         <kind>archive</kind>
         <file>rtsv7M4_T_le_v4SPD16_eabi.lib</file>
         <name>copy_decompress_none.c.obj</name>
      </input_file>
      <input_file id="fl-c2">
         <path>C:\ti\ccsv8\tools\compiler\ti-cgt-arm_18.1.4.LTS\lib\</path>
         <kind>archive</kind>
         <file>rtsv7M4_T_le_v4SPD16_eabi.lib</file>
         <name>copy_decompress_lzss.c.obj</name>
      </input_file>
      <input_file id="fl-c3">
         <path>C:\ti\ccsv8\tools\compiler\ti-cgt-arm_18.1.4.LTS\lib\</path>
         <kind>archive</kind>
         <file>rtsv7M4_T_le_v4SPD16_eabi.lib</file>
         <name>boot_cortex_m.c.obj</name>
      </input_file>
      <input_file id="fl-c4">
         <path>C:\ti\ccsv8\tools\compiler\ti-cgt-arm_18.1.4.LTS\lib\</path>
         <kind>archive</kind>
         <file>rtsv7M4_T_le_v4SPD16_eabi.lib</file>
         <name>exit.c.obj</name>
      </input_file>
      <input_file id="fl-c5">
         <path>C:\ti\ccsv8\tools\compiler\ti-cgt-arm_18.1.4.LTS\lib\</path>
         <kind>archive</kind>
         <file>rtsv7M4_T_le_v4SPD16_eabi.lib</file>
         <name>_lock.c.obj</name>
      </input_file>
      <input_file id="fl-c6">
         <path>C:\ti\ccsv8\tools\compiler\ti-cgt-arm_18.1.4.LTS\lib\</path>
         <kind>archive</kind>
         <file>rtsv7M4_T_le_v4SPD16_eabi.lib</file>
         <name>args_main.c.obj</name>
      </input_file>
      <input_file id="fl-c7">
         <path>C:\ti\ccsv8\tools\compiler\ti-cgt-arm_18.1.4.LTS\lib\</path>
         <kind>archive</kind>
         <file>rtsv7M4_T_le_v4SPD16_eabi.lib</file>
         <name>div0.asm.obj</name>
      </input_file>
      <input_file id="fl-c8">
         <path>C:\ti\ccsv8\tools\compiler\ti-cgt-arm_18.1.4.LTS\lib\</path>
         <kind>archive</kind>
         <file>rtsv7M4_T_le_v4SPD16_eabi.lib</file>
         <name>memcpy_t2.asm.obj</name>
      </input_file>
      <input_file id="fl-c9">
         <path>C:\ti\ccsv8\tools\compiler\ti-cgt-arm_18.1.4.LTS\lib\</path>
         <kind>archive</kind>
         <file>rtsv7M4_T_le_v4SPD16_eabi.lib</file>
         <name>memset_t2.asm.obj</name>
      </input_file>
      <input_file id="fl-ca">
         <path>C:\ti\ccsv8\tools\compiler\ti-cgt-arm_18.1.4.LTS\lib\</path>
         <kind>archive</kind>
         <file>rtsv7M4_T_le_v4SPD16_eabi.lib</file>
         <name>autoinit.c.obj</name>
      </input_file>
      <input_file id="fl-cb">
         <path>C:\ti\ccsv8\tools\compiler\ti-cgt-arm_18.1.4.LTS\lib\</path>
         <kind>archive</kind>
         <file>rtsv7M4_T_le_v4SPD16_eabi.lib</file>
         <name>pre_init.c.obj</name>
      </input_file>
      <input_file id="fl-cc">
         <path>C:\ti\ccsv8\tools\compiler\ti-cgt-arm_18.1.4.LTS\lib\</path>
         <kind>archive</kind>
         <file>rtsv7M4_T_le_v4SPD16_eabi.lib</file>
         <name>cpy_tbl.c.obj</name>
      </input_file>
      <input_file id="fl-cd">
         <path>C:\ti\TivaWare_C_Series-2.1.4.178\driverlib\ccs\Debug\</path>
         <kind>archive</kind>
         <file>driverlib.lib</file>
         <name>sysctl.obj</name>
      </input_file>
      <input_file id="fl-ce">
         <path>C:\ti\TivaWare_C_Series-2.1.4.178\driverlib\ccs\Debug\</path>
         <kind>archive</kind>
         <file>driverlib.lib</file>
         <name>uart.obj</name>
      </input_file>
      <input_file id="fl-cf">
         <path>C:\ti\TivaWare_C_Series-2.1.4.178\driverlib\ccs\Debug\</path>
         <kind>archive</kind>
         <file>driverlib.lib</file>
         <name>cpu.obj</name>
      </input_file>
      <input_file id="fl-d0">
         <path>C:\ti\TivaWare_C_Series-2.1.4.178\driverlib\ccs\Debug\</path>
         <kind>archive</kind>
         <file>driverlib.lib</file>
         <name>interrupt.obj</name>
      </input_file>
   </input_file_list>
   <object_component_list>
      <object_component id="oc-f">
         <name>.intvecs</name>
         <load_address>0x0</load_address>
         <run_address>0x0</run_address>
         <size>0x26c</size>
         <input_file_ref idref="fl-3"/>
      </object_component>
      <object_component id="oc-13e">
         <name>.text:UARTvprintf</name>
         <load_address>0x26c</load_address>
         <run_address>0x26c</run_address>
         <size>0x1ea</size>
         <input_file_ref idref="fl-4"/>
      </object_component>
      <object_component id="oc-30">
         <name>.text:FaultISR</name>
         <load_address>0x456</load_address>
         <run_address>0x456</run_address>
         <size>0x2</size>
         <input_file_ref idref="fl-3"/>
      </object_component>
      <object_component id="oc-ad">
         <name>.text:main</name>
         <load_address>0x458</load_address>
         <run_address>0x458</run_address>
         <size>0xa0</size>
         <input_file_ref idref="fl-2"/>
      </object_component>
      <object_component id="oc-4a">
         <name>.text</name>
         <load_address>0x4f8</load_address>
         <run_address>0x4f8</run_address>
         <size>0x9c</size>
         <input_file_ref idref="fl-c8"/>
      </object_component>
      <object_component id="oc-12">
         <name>.text:decompress:lzss:__TI_decompress_lzss</name>
         <load_address>0x594</load_address>
         <run_address>0x594</run_address>
         <size>0x68</size>
         <input_file_ref idref="fl-c2"/>
      </object_component>
      <object_component id="oc-db">
         <name>.text:UARTStdioConfig</name>
         <load_address>0x5fc</load_address>
         <run_address>0x5fc</run_address>
         <size>0x60</size>
         <input_file_ref idref="fl-4"/>
      </object_component>
      <object_component id="oc-17b">
         <name>.text:UARTwrite</name>
         <load_address>0x65c</load_address>
         <run_address>0x65c</run_address>
         <size>0x48</size>
         <input_file_ref idref="fl-4"/>
      </object_component>
      <object_component id="oc-f5">
         <name>.text:__TI_auto_init_nobinit_nopinit:__TI_auto_init_nobinit_nopinit</name>
         <load_address>0x6a4</load_address>
         <run_address>0x6a4</run_address>
         <size>0x44</size>
         <input_file_ref idref="fl-ca"/>
      </object_component>
      <object_component id="oc-181">
         <name>.text</name>
         <load_address>0x6e8</load_address>
         <run_address>0x6e8</run_address>
         <size>0x40</size>
         <input_file_ref idref="fl-bf"/>
      </object_component>
      <object_component id="oc-68">
         <name>.text:_c_int00_noargs:_c_int00_noargs</name>
         <load_address>0x728</load_address>
         <run_address>0x728</run_address>
         <size>0x38</size>
         <input_file_ref idref="fl-c3"/>
      </object_component>
      <object_component id="oc-e1">
         <name>.text:UARTprintf</name>
         <load_address>0x760</load_address>
         <run_address>0x760</run_address>
         <size>0x1a</size>
         <input_file_ref idref="fl-4"/>
      </object_component>
      <object_component id="oc-18">
         <name>.text:decompress:none:__TI_decompress_none</name>
         <load_address>0x77a</load_address>
         <run_address>0x77a</run_address>
         <size>0xe</size>
         <input_file_ref idref="fl-c1"/>
      </object_component>
      <object_component id="oc-24">
         <name>.text:ResetISR</name>
         <load_address>0x788</load_address>
         <run_address>0x788</run_address>
         <size>0x6</size>
         <input_file_ref idref="fl-3"/>
      </object_component>
      <object_component id="oc-e7">
         <name>.text:SysCtlDelay</name>
         <load_address>0x78e</load_address>
         <run_address>0x78e</run_address>
         <size>0x6</size>
         <input_file_ref idref="fl-cd"/>
      </object_component>
      <object_component id="oc-d5">
         <name>.text:UARTClockSourceSet</name>
         <load_address>0x794</load_address>
         <run_address>0x794</run_address>
         <size>0x6</size>
         <input_file_ref idref="fl-ce"/>
      </object_component>
      <object_component id="oc-a7">
         <name>.text:_system_pre_init</name>
         <load_address>0x79a</load_address>
         <run_address>0x79a</run_address>
         <size>0x4</size>
         <input_file_ref idref="fl-cb"/>
      </object_component>
      <object_component id="oc-e9">
         <name>.text:abort:abort</name>
         <load_address>0x79e</load_address>
         <run_address>0x79e</run_address>
         <size>0x4</size>
         <input_file_ref idref="fl-c4"/>
      </object_component>
      <object_component id="oc-36">
         <name>.text:IntDefaultHandler</name>
         <load_address>0x7a2</load_address>
         <run_address>0x7a2</run_address>
         <size>0x2</size>
         <input_file_ref idref="fl-3"/>
      </object_component>
      <object_component id="oc-2a">
         <name>.text:NmiSR</name>
         <load_address>0x7a4</load_address>
         <run_address>0x7a4</run_address>
         <size>0x2</size>
         <input_file_ref idref="fl-3"/>
      </object_component>
      <object_component id="oc-1a9">
         <name>.text</name>
         <load_address>0x7a6</load_address>
         <run_address>0x7a6</run_address>
         <size>0x2</size>
         <input_file_ref idref="fl-c7"/>
      </object_component>
      <object_component id="oc-133">
         <name>.const:g_ui32UARTBase</name>
         <load_address>0x7a8</load_address>
         <run_address>0x7a8</run_address>
         <size>0xc</size>
         <input_file_ref idref="fl-4"/>
      </object_component>
      <object_component id="oc-130">
         <name>.const:g_ui32UARTPeriph</name>
         <load_address>0x7b4</load_address>
         <run_address>0x7b4</run_address>
         <size>0xc</size>
         <input_file_ref idref="fl-4"/>
      </object_component>
      <object_component id="oc-1e6">
         <name>__TI_handler_table</name>
         <load_address>0x7c0</load_address>
         <run_address>0x7c0</run_address>
         <size>0x8</size>
      </object_component>
      <object_component id="oc-1e8">
         <name>.cinit..data.load</name>
         <load_address>0x7c8</load_address>
         <run_address>0x7c8</run_address>
         <size>0x7</size>
      </object_component>
      <object_component id="oc-1e7">
         <name>__TI_cinit_table</name>
         <load_address>0x7d0</load_address>
         <run_address>0x7d0</run_address>
         <size>0x8</size>
      </object_component>
      <object_component id="oc-136">
         <name>.data</name>
         <load_address>0x20000200</load_address>
         <run_address>0x20000200</run_address>
         <size>0x5</size>
         <input_file_ref idref="fl-4"/>
      </object_component>
      <object_component id="oc-21">
         <name>.stack</name>
         <uninitialized>true</uninitialized>
         <run_address>0x20000000</run_address>
         <size>0x4</size>
         <input_file_ref idref="fl-c3"/>
      </object_component>
      <object_component id="oc-1e9">
         <name>.stack</name>
         <uninitialized>true</uninitialized>
         <run_address>0x20000000</run_address>
         <size>0x0</size>
      </object_component>
      <object_component id="oc-c4">
         <name>.debug_info</name>
         <load_address>0x0</load_address>
         <run_address>0x0</run_address>
         <size>0x312</size>
         <input_file_ref idref="fl-2"/>
      </object_component>
      <object_component id="oc-ae">
         <name>.debug_info</name>
         <load_address>0x312</load_address>
         <run_address>0x312</run_address>
         <size>0x189</size>
         <input_file_ref idref="fl-2"/>
      </object_component>
      <object_component id="oc-82">
         <name>.debug_info</name>
         <load_address>0x49b</load_address>
         <run_address>0x49b</run_address>
         <size>0x26b</size>
         <input_file_ref idref="fl-2"/>
      </object_component>
      <object_component id="oc-45">
         <name>.debug_info</name>
         <load_address>0x706</load_address>
         <run_address>0x706</run_address>
         <size>0x84</size>
         <input_file_ref idref="fl-2"/>
      </object_component>
      <object_component id="oc-bf">
         <name>.debug_info</name>
         <load_address>0x78a</load_address>
         <run_address>0x78a</run_address>
         <size>0x297</size>
         <input_file_ref idref="fl-2"/>
      </object_component>
      <object_component id="oc-87">
         <name>.debug_info</name>
         <load_address>0xa21</load_address>
         <run_address>0xa21</run_address>
         <size>0xbb</size>
         <input_file_ref idref="fl-2"/>
      </object_component>
      <object_component id="oc-3e">
         <name>.debug_info</name>
         <load_address>0xadc</load_address>
         <run_address>0xadc</run_address>
         <size>0x2a4</size>
         <input_file_ref idref="fl-3"/>
      </object_component>
      <object_component id="oc-10">
         <name>.debug_info</name>
         <load_address>0xd80</load_address>
         <run_address>0xd80</run_address>
         <size>0xe3</size>
         <input_file_ref idref="fl-3"/>
      </object_component>
      <object_component id="oc-25">
         <name>.debug_info</name>
         <load_address>0xe63</load_address>
         <run_address>0xe63</run_address>
         <size>0x113</size>
         <input_file_ref idref="fl-3"/>
      </object_component>
      <object_component id="oc-2b">
         <name>.debug_info</name>
         <load_address>0xf76</load_address>
         <run_address>0xf76</run_address>
         <size>0x102</size>
         <input_file_ref idref="fl-3"/>
      </object_component>
      <object_component id="oc-37">
         <name>.debug_info</name>
         <load_address>0x1078</load_address>
         <run_address>0x1078</run_address>
         <size>0x11c</size>
         <input_file_ref idref="fl-3"/>
      </object_component>
      <object_component id="oc-31">
         <name>.debug_info</name>
         <load_address>0x1194</load_address>
         <run_address>0x1194</run_address>
         <size>0x10a</size>
         <input_file_ref idref="fl-3"/>
      </object_component>
      <object_component id="oc-13d">
         <name>.debug_info</name>
         <load_address>0x129e</load_address>
         <run_address>0x129e</run_address>
         <size>0x2c0</size>
         <input_file_ref idref="fl-4"/>
      </object_component>
      <object_component id="oc-137">
         <name>.debug_info</name>
         <load_address>0x155e</load_address>
         <run_address>0x155e</run_address>
         <size>0x101</size>
         <input_file_ref idref="fl-4"/>
      </object_component>
      <object_component id="oc-134">
         <name>.debug_info</name>
         <load_address>0x165f</load_address>
         <run_address>0x165f</run_address>
         <size>0x109</size>
         <input_file_ref idref="fl-4"/>
      </object_component>
      <object_component id="oc-131">
         <name>.debug_info</name>
         <load_address>0x1768</load_address>
         <run_address>0x1768</run_address>
         <size>0x10d</size>
         <input_file_ref idref="fl-4"/>
      </object_component>
      <object_component id="oc-17c">
         <name>.debug_info</name>
         <load_address>0x1875</load_address>
         <run_address>0x1875</run_address>
         <size>0x1f8</size>
         <input_file_ref idref="fl-4"/>
      </object_component>
      <object_component id="oc-13f">
         <name>.debug_info</name>
         <load_address>0x1a6d</load_address>
         <run_address>0x1a6d</run_address>
         <size>0x32a</size>
         <input_file_ref idref="fl-4"/>
      </object_component>
      <object_component id="oc-e2">
         <name>.debug_info</name>
         <load_address>0x1d97</load_address>
         <run_address>0x1d97</run_address>
         <size>0x1c5</size>
         <input_file_ref idref="fl-4"/>
      </object_component>
      <object_component id="oc-139">
         <name>.debug_info</name>
         <load_address>0x1f5c</load_address>
         <run_address>0x1f5c</run_address>
         <size>0x243</size>
         <input_file_ref idref="fl-4"/>
      </object_component>
      <object_component id="oc-dc">
         <name>.debug_info</name>
         <load_address>0x219f</load_address>
         <run_address>0x219f</run_address>
         <size>0x25b</size>
         <input_file_ref idref="fl-4"/>
      </object_component>
      <object_component id="oc-145">
         <name>.debug_info</name>
         <load_address>0x23fa</load_address>
         <run_address>0x23fa</run_address>
         <size>0x2c</size>
         <input_file_ref idref="fl-4"/>
      </object_component>
      <object_component id="oc-184">
         <name>.debug_info</name>
         <load_address>0x2426</load_address>
         <run_address>0x2426</run_address>
         <size>0x145</size>
         <input_file_ref idref="fl-bf"/>
      </object_component>
      <object_component id="oc-55">
         <name>.debug_info</name>
         <load_address>0x256b</load_address>
         <run_address>0x256b</run_address>
         <size>0x2a8</size>
         <input_file_ref idref="fl-c1"/>
      </object_component>
      <object_component id="oc-19">
         <name>.debug_info</name>
         <load_address>0x2813</load_address>
         <run_address>0x2813</run_address>
         <size>0x1ea</size>
         <input_file_ref idref="fl-c1"/>
      </object_component>
      <object_component id="oc-50">
         <name>.debug_info</name>
         <load_address>0x29fd</load_address>
         <run_address>0x29fd</run_address>
         <size>0x46</size>
         <input_file_ref idref="fl-c1"/>
      </object_component>
      <object_component id="oc-93">
         <name>.debug_info</name>
         <load_address>0x2a43</load_address>
         <run_address>0x2a43</run_address>
         <size>0x2c</size>
         <input_file_ref idref="fl-c1"/>
      </object_component>
      <object_component id="oc-91">
         <name>.debug_info</name>
         <load_address>0x2a6f</load_address>
         <run_address>0x2a6f</run_address>
         <size>0x29e</size>
         <input_file_ref idref="fl-c2"/>
      </object_component>
      <object_component id="oc-13">
         <name>.debug_info</name>
         <load_address>0x2d0d</load_address>
         <run_address>0x2d0d</run_address>
         <size>0x250</size>
         <input_file_ref idref="fl-c2"/>
      </object_component>
      <object_component id="oc-40">
         <name>.debug_info</name>
         <load_address>0x2f5d</load_address>
         <run_address>0x2f5d</run_address>
         <size>0x60</size>
         <input_file_ref idref="fl-c2"/>
      </object_component>
      <object_component id="oc-c5">
         <name>.debug_info</name>
         <load_address>0x2fbd</load_address>
         <run_address>0x2fbd</run_address>
         <size>0x46</size>
         <input_file_ref idref="fl-c2"/>
      </object_component>
      <object_component id="oc-8c">
         <name>.debug_info</name>
         <load_address>0x3003</load_address>
         <run_address>0x3003</run_address>
         <size>0x39</size>
         <input_file_ref idref="fl-c2"/>
      </object_component>
      <object_component id="oc-22">
         <name>.debug_info</name>
         <load_address>0x303c</load_address>
         <run_address>0x303c</run_address>
         <size>0x10b</size>
         <input_file_ref idref="fl-c3"/>
      </object_component>
      <object_component id="oc-6a">
         <name>.debug_info</name>
         <load_address>0x3147</load_address>
         <run_address>0x3147</run_address>
         <size>0x1af</size>
         <input_file_ref idref="fl-c3"/>
      </object_component>
      <object_component id="oc-ea">
         <name>.debug_info</name>
         <load_address>0x32f6</load_address>
         <run_address>0x32f6</run_address>
         <size>0x122</size>
         <input_file_ref idref="fl-c4"/>
      </object_component>
      <object_component id="oc-1aa">
         <name>.debug_info</name>
         <load_address>0x3418</load_address>
         <run_address>0x3418</run_address>
         <size>0x118</size>
         <input_file_ref idref="fl-c7"/>
      </object_component>
      <object_component id="oc-4b">
         <name>.debug_info</name>
         <load_address>0x3530</load_address>
         <run_address>0x3530</run_address>
         <size>0x11c</size>
         <input_file_ref idref="fl-c8"/>
      </object_component>
      <object_component id="oc-155">
         <name>.debug_info</name>
         <load_address>0x364c</load_address>
         <run_address>0x364c</run_address>
         <size>0x552</size>
         <input_file_ref idref="fl-ca"/>
      </object_component>
      <object_component id="oc-f6">
         <name>.debug_info</name>
         <load_address>0x3b9e</load_address>
         <run_address>0x3b9e</run_address>
         <size>0x1a6</size>
         <input_file_ref idref="fl-ca"/>
      </object_component>
      <object_component id="oc-197">
         <name>.debug_info</name>
         <load_address>0x3d44</load_address>
         <run_address>0x3d44</run_address>
         <size>0x39</size>
         <input_file_ref idref="fl-ca"/>
      </object_component>
      <object_component id="oc-1b2">
         <name>.debug_info</name>
         <load_address>0x3d7d</load_address>
         <run_address>0x3d7d</run_address>
         <size>0x39</size>
         <input_file_ref idref="fl-ca"/>
      </object_component>
      <object_component id="oc-19c">
         <name>.debug_info</name>
         <load_address>0x3db6</load_address>
         <run_address>0x3db6</run_address>
         <size>0x39</size>
         <input_file_ref idref="fl-ca"/>
      </object_component>
      <object_component id="oc-1a1">
         <name>.debug_info</name>
         <load_address>0x3def</load_address>
         <run_address>0x3def</run_address>
         <size>0xcd</size>
         <input_file_ref idref="fl-ca"/>
      </object_component>
      <object_component id="oc-a8">
         <name>.debug_info</name>
         <load_address>0x3ebc</load_address>
         <run_address>0x3ebc</run_address>
         <size>0x153</size>
         <input_file_ref idref="fl-cb"/>
      </object_component>
      <object_component id="oc-16a">
         <name>.debug_info</name>
         <load_address>0x400f</load_address>
         <run_address>0x400f</run_address>
         <size>0x8b</size>
         <input_file_ref idref="fl-cd"/>
      </object_component>
      <object_component id="oc-12a">
         <name>.debug_info</name>
         <load_address>0x409a</load_address>
         <run_address>0x409a</run_address>
         <size>0x18b</size>
         <input_file_ref idref="fl-cd"/>
      </object_component>
      <object_component id="oc-12f">
         <name>.debug_info</name>
         <load_address>0x4225</load_address>
         <run_address>0x4225</run_address>
         <size>0x227</size>
         <input_file_ref idref="fl-ce"/>
      </object_component>
      <object_component id="oc-d6">
         <name>.debug_info</name>
         <load_address>0x444c</load_address>
         <run_address>0x444c</run_address>
         <size>0x291</size>
         <input_file_ref idref="fl-ce"/>
      </object_component>
      <object_component id="oc-1ea">
         <name>.debug_info</name>
         <load_address>0x46dd</load_address>
         <run_address>0x46dd</run_address>
         <size>0xa6</size>
      </object_component>
      <object_component id="oc-128">
         <name>.debug_line</name>
         <load_address>0x0</load_address>
         <run_address>0x0</run_address>
         <size>0x9a</size>
         <input_file_ref idref="fl-2"/>
      </object_component>
      <object_component id="oc-b1">
         <name>.debug_line</name>
         <load_address>0x9a</load_address>
         <run_address>0x9a</run_address>
         <size>0x56</size>
         <input_file_ref idref="fl-2"/>
      </object_component>
      <object_component id="oc-85">
         <name>.debug_line</name>
         <load_address>0xf0</load_address>
         <run_address>0xf0</run_address>
         <size>0x69</size>
         <input_file_ref idref="fl-2"/>
      </object_component>
      <object_component id="oc-48">
         <name>.debug_line</name>
         <load_address>0x159</load_address>
         <run_address>0x159</run_address>
         <size>0x20</size>
         <input_file_ref idref="fl-2"/>
      </object_component>
      <object_component id="oc-c2">
         <name>.debug_line</name>
         <load_address>0x179</load_address>
         <run_address>0x179</run_address>
         <size>0x6d</size>
         <input_file_ref idref="fl-2"/>
      </object_component>
      <object_component id="oc-8a">
         <name>.debug_line</name>
         <load_address>0x1e6</load_address>
         <run_address>0x1e6</run_address>
         <size>0x6a</size>
         <input_file_ref idref="fl-2"/>
      </object_component>
      <object_component id="oc-81">
         <name>.debug_line</name>
         <load_address>0x250</load_address>
         <run_address>0x250</run_address>
         <size>0x34</size>
         <input_file_ref idref="fl-3"/>
      </object_component>
      <object_component id="oc-3d">
         <name>.debug_line</name>
         <load_address>0x284</load_address>
         <run_address>0x284</run_address>
         <size>0x34</size>
         <input_file_ref idref="fl-3"/>
      </object_component>
      <object_component id="oc-28">
         <name>.debug_line</name>
         <load_address>0x2b8</load_address>
         <run_address>0x2b8</run_address>
         <size>0x46</size>
         <input_file_ref idref="fl-3"/>
      </object_component>
      <object_component id="oc-2e">
         <name>.debug_line</name>
         <load_address>0x2fe</load_address>
         <run_address>0x2fe</run_address>
         <size>0x49</size>
         <input_file_ref idref="fl-3"/>
      </object_component>
      <object_component id="oc-3a">
         <name>.debug_line</name>
         <load_address>0x347</load_address>
         <run_address>0x347</run_address>
         <size>0x49</size>
         <input_file_ref idref="fl-3"/>
      </object_component>
      <object_component id="oc-34">
         <name>.debug_line</name>
         <load_address>0x390</load_address>
         <run_address>0x390</run_address>
         <size>0x49</size>
         <input_file_ref idref="fl-3"/>
      </object_component>
      <object_component id="oc-17a">
         <name>.debug_line</name>
         <load_address>0x3d9</load_address>
         <run_address>0x3d9</run_address>
         <size>0x20</size>
         <input_file_ref idref="fl-4"/>
      </object_component>
      <object_component id="oc-176">
         <name>.debug_line</name>
         <load_address>0x3f9</load_address>
         <run_address>0x3f9</run_address>
         <size>0x57</size>
         <input_file_ref idref="fl-4"/>
      </object_component>
      <object_component id="oc-174">
         <name>.debug_line</name>
         <load_address>0x450</load_address>
         <run_address>0x450</run_address>
         <size>0x57</size>
         <input_file_ref idref="fl-4"/>
      </object_component>
      <object_component id="oc-172">
         <name>.debug_line</name>
         <load_address>0x4a7</load_address>
         <run_address>0x4a7</run_address>
         <size>0x57</size>
         <input_file_ref idref="fl-4"/>
      </object_component>
      <object_component id="oc-17f">
         <name>.debug_line</name>
         <load_address>0x4fe</load_address>
         <run_address>0x4fe</run_address>
         <size>0x87</size>
         <input_file_ref idref="fl-4"/>
      </object_component>
      <object_component id="oc-142">
         <name>.debug_line</name>
         <load_address>0x585</load_address>
         <run_address>0x585</run_address>
         <size>0x18c</size>
         <input_file_ref idref="fl-4"/>
      </object_component>
      <object_component id="oc-e5">
         <name>.debug_line</name>
         <load_address>0x711</load_address>
         <run_address>0x711</run_address>
         <size>0x6e</size>
         <input_file_ref idref="fl-4"/>
      </object_component>
      <object_component id="oc-178">
         <name>.debug_line</name>
         <load_address>0x77f</load_address>
         <run_address>0x77f</run_address>
         <size>0xb2</size>
         <input_file_ref idref="fl-4"/>
      </object_component>
      <object_component id="oc-df">
         <name>.debug_line</name>
         <load_address>0x831</load_address>
         <run_address>0x831</run_address>
         <size>0x78</size>
         <input_file_ref idref="fl-4"/>
      </object_component>
      <object_component id="oc-148">
         <name>.debug_line</name>
         <load_address>0x8a9</load_address>
         <run_address>0x8a9</run_address>
         <size>0x65</size>
         <input_file_ref idref="fl-4"/>
      </object_component>
      <object_component id="oc-183">
         <name>.debug_line</name>
         <load_address>0x90e</load_address>
         <run_address>0x90e</run_address>
         <size>0x5b</size>
         <input_file_ref idref="fl-bf"/>
      </object_component>
      <object_component id="oc-99">
         <name>.debug_line</name>
         <load_address>0x969</load_address>
         <run_address>0x969</run_address>
         <size>0x20</size>
         <input_file_ref idref="fl-c1"/>
      </object_component>
      <object_component id="oc-1d">
         <name>.debug_line</name>
         <load_address>0x989</load_address>
         <run_address>0x989</run_address>
         <size>0x55</size>
         <input_file_ref idref="fl-c1"/>
      </object_component>
      <object_component id="oc-53">
         <name>.debug_line</name>
         <load_address>0x9de</load_address>
         <run_address>0x9de</run_address>
         <size>0x3a</size>
         <input_file_ref idref="fl-c1"/>
      </object_component>
      <object_component id="oc-96">
         <name>.debug_line</name>
         <load_address>0xa18</load_address>
         <run_address>0xa18</run_address>
         <size>0x95</size>
         <input_file_ref idref="fl-c1"/>
      </object_component>
      <object_component id="oc-cb">
         <name>.debug_line</name>
         <load_address>0xaad</load_address>
         <run_address>0xaad</run_address>
         <size>0x20</size>
         <input_file_ref idref="fl-c2"/>
      </object_component>
      <object_component id="oc-16">
         <name>.debug_line</name>
         <load_address>0xacd</load_address>
         <run_address>0xacd</run_address>
         <size>0xa9</size>
         <input_file_ref idref="fl-c2"/>
      </object_component>
      <object_component id="oc-43">
         <name>.debug_line</name>
         <load_address>0xb76</load_address>
         <run_address>0xb76</run_address>
         <size>0x3a</size>
         <input_file_ref idref="fl-c2"/>
      </object_component>
      <object_component id="oc-c8">
         <name>.debug_line</name>
         <load_address>0xbb0</load_address>
         <run_address>0xbb0</run_address>
         <size>0x9d</size>
         <input_file_ref idref="fl-c2"/>
      </object_component>
      <object_component id="oc-8f">
         <name>.debug_line</name>
         <load_address>0xc4d</load_address>
         <run_address>0xc4d</run_address>
         <size>0x99</size>
         <input_file_ref idref="fl-c2"/>
      </object_component>
      <object_component id="oc-7b">
         <name>.debug_line</name>
         <load_address>0xce6</load_address>
         <run_address>0xce6</run_address>
         <size>0x33</size>
         <input_file_ref idref="fl-c3"/>
      </object_component>
      <object_component id="oc-6c">
         <name>.debug_line</name>
         <load_address>0xd19</load_address>
         <run_address>0xd19</run_address>
         <size>0x56</size>
         <input_file_ref idref="fl-c3"/>
      </object_component>
      <object_component id="oc-ed">
         <name>.debug_line</name>
         <load_address>0xd6f</load_address>
         <run_address>0xd6f</run_address>
         <size>0x3c</size>
         <input_file_ref idref="fl-c4"/>
      </object_component>
      <object_component id="oc-1ad">
         <name>.debug_line</name>
         <load_address>0xdab</load_address>
         <run_address>0xdab</run_address>
         <size>0x37</size>
         <input_file_ref idref="fl-c7"/>
      </object_component>
      <object_component id="oc-4e">
         <name>.debug_line</name>
         <load_address>0xde2</load_address>
         <run_address>0xde2</run_address>
         <size>0x88</size>
         <input_file_ref idref="fl-c8"/>
      </object_component>
      <object_component id="oc-196">
         <name>.debug_line</name>
         <load_address>0xe6a</load_address>
         <run_address>0xe6a</run_address>
         <size>0xc2</size>
         <input_file_ref idref="fl-ca"/>
      </object_component>
      <object_component id="oc-f9">
         <name>.debug_line</name>
         <load_address>0xf2c</load_address>
         <run_address>0xf2c</run_address>
         <size>0x6c</size>
         <input_file_ref idref="fl-ca"/>
      </object_component>
      <object_component id="oc-19a">
         <name>.debug_line</name>
         <load_address>0xf98</load_address>
         <run_address>0xf98</run_address>
         <size>0x2e</size>
         <input_file_ref idref="fl-ca"/>
      </object_component>
      <object_component id="oc-1b5">
         <name>.debug_line</name>
         <load_address>0xfc6</load_address>
         <run_address>0xfc6</run_address>
         <size>0x9d</size>
         <input_file_ref idref="fl-ca"/>
      </object_component>
      <object_component id="oc-19f">
         <name>.debug_line</name>
         <load_address>0x1063</load_address>
         <run_address>0x1063</run_address>
         <size>0x9a</size>
         <input_file_ref idref="fl-ca"/>
      </object_component>
      <object_component id="oc-1a4">
         <name>.debug_line</name>
         <load_address>0x10fd</load_address>
         <run_address>0x10fd</run_address>
         <size>0x96</size>
         <input_file_ref idref="fl-ca"/>
      </object_component>
      <object_component id="oc-ab">
         <name>.debug_line</name>
         <load_address>0x1193</load_address>
         <run_address>0x1193</run_address>
         <size>0x40</size>
         <input_file_ref idref="fl-cb"/>
      </object_component>
      <object_component id="oc-16d">
         <name>.debug_line</name>
         <load_address>0x11d3</load_address>
         <run_address>0x11d3</run_address>
         <size>0x20</size>
         <input_file_ref idref="fl-cd"/>
      </object_component>
      <object_component id="oc-12d">
         <name>.debug_line</name>
         <load_address>0x11f3</load_address>
         <run_address>0x11f3</run_address>
         <size>0x69</size>
         <input_file_ref idref="fl-cd"/>
      </object_component>
      <object_component id="oc-170">
         <name>.debug_line</name>
         <load_address>0x125c</load_address>
         <run_address>0x125c</run_address>
         <size>0x82</size>
         <input_file_ref idref="fl-ce"/>
      </object_component>
      <object_component id="oc-d9">
         <name>.debug_line</name>
         <load_address>0x12de</load_address>
         <run_address>0x12de</run_address>
         <size>0x92</size>
         <input_file_ref idref="fl-ce"/>
      </object_component>
      <object_component id="oc-b2">
         <name>.debug_frame</name>
         <load_address>0x0</load_address>
         <run_address>0x0</run_address>
         <size>0x5c</size>
         <input_file_ref idref="fl-2"/>
      </object_component>
      <object_component id="oc-29">
         <name>.debug_frame</name>
         <load_address>0x5c</load_address>
         <run_address>0x5c</run_address>
         <size>0x54</size>
         <input_file_ref idref="fl-3"/>
      </object_component>
      <object_component id="oc-2f">
         <name>.debug_frame</name>
         <load_address>0xb0</load_address>
         <run_address>0xb0</run_address>
         <size>0x54</size>
         <input_file_ref idref="fl-3"/>
      </object_component>
      <object_component id="oc-3b">
         <name>.debug_frame</name>
         <load_address>0x104</load_address>
         <run_address>0x104</run_address>
         <size>0x54</size>
         <input_file_ref idref="fl-3"/>
      </object_component>
      <object_component id="oc-35">
         <name>.debug_frame</name>
         <load_address>0x158</load_address>
         <run_address>0x158</run_address>
         <size>0x54</size>
         <input_file_ref idref="fl-3"/>
      </object_component>
      <object_component id="oc-180">
         <name>.debug_frame</name>
         <load_address>0x1ac</load_address>
         <run_address>0x1ac</run_address>
         <size>0x60</size>
         <input_file_ref idref="fl-4"/>
      </object_component>
      <object_component id="oc-143">
         <name>.debug_frame</name>
         <load_address>0x20c</load_address>
         <run_address>0x20c</run_address>
         <size>0x6c</size>
         <input_file_ref idref="fl-4"/>
      </object_component>
      <object_component id="oc-e6">
         <name>.debug_frame</name>
         <load_address>0x278</load_address>
         <run_address>0x278</run_address>
         <size>0x6c</size>
         <input_file_ref idref="fl-4"/>
      </object_component>
      <object_component id="oc-e0">
         <name>.debug_frame</name>
         <load_address>0x2e4</load_address>
         <run_address>0x2e4</run_address>
         <size>0x60</size>
         <input_file_ref idref="fl-4"/>
      </object_component>
      <object_component id="oc-1c">
         <name>.debug_frame</name>
         <load_address>0x344</load_address>
         <run_address>0x344</run_address>
         <size>0x54</size>
         <input_file_ref idref="fl-c1"/>
      </object_component>
      <object_component id="oc-17">
         <name>.debug_frame</name>
         <load_address>0x398</load_address>
         <run_address>0x398</run_address>
         <size>0x60</size>
         <input_file_ref idref="fl-c2"/>
      </object_component>
      <object_component id="oc-6d">
         <name>.debug_frame</name>
         <load_address>0x3f8</load_address>
         <run_address>0x3f8</run_address>
         <size>0x58</size>
         <input_file_ref idref="fl-c3"/>
      </object_component>
      <object_component id="oc-ee">
         <name>.debug_frame</name>
         <load_address>0x450</load_address>
         <run_address>0x450</run_address>
         <size>0x54</size>
         <input_file_ref idref="fl-c4"/>
      </object_component>
      <object_component id="oc-fa">
         <name>.debug_frame</name>
         <load_address>0x4a4</load_address>
         <run_address>0x4a4</run_address>
         <size>0x5c</size>
         <input_file_ref idref="fl-ca"/>
      </object_component>
      <object_component id="oc-ac">
         <name>.debug_frame</name>
         <load_address>0x500</load_address>
         <run_address>0x500</run_address>
         <size>0x54</size>
         <input_file_ref idref="fl-cb"/>
      </object_component>
      <object_component id="oc-da">
         <name>.debug_frame</name>
         <load_address>0x554</load_address>
         <run_address>0x554</run_address>
         <size>0x7f</size>
         <input_file_ref idref="fl-ce"/>
      </object_component>
      <object_component id="oc-127">
         <name>.debug_abbrev</name>
         <load_address>0x0</load_address>
         <run_address>0x0</run_address>
         <size>0x70</size>
         <input_file_ref idref="fl-2"/>
      </object_component>
      <object_component id="oc-e8">
         <name>.debug_abbrev</name>
         <load_address>0x70</load_address>
         <run_address>0x70</run_address>
         <size>0x7d</size>
         <input_file_ref idref="fl-2"/>
      </object_component>
      <object_component id="oc-84">
         <name>.debug_abbrev</name>
         <load_address>0xed</load_address>
         <run_address>0xed</run_address>
         <size>0x69</size>
         <input_file_ref idref="fl-2"/>
      </object_component>
      <object_component id="oc-47">
         <name>.debug_abbrev</name>
         <load_address>0x156</load_address>
         <run_address>0x156</run_address>
         <size>0x1f</size>
         <input_file_ref idref="fl-2"/>
      </object_component>
      <object_component id="oc-c1">
         <name>.debug_abbrev</name>
         <load_address>0x175</load_address>
         <run_address>0x175</run_address>
         <size>0x5c</size>
         <input_file_ref idref="fl-2"/>
      </object_component>
      <object_component id="oc-89">
         <name>.debug_abbrev</name>
         <load_address>0x1d1</load_address>
         <run_address>0x1d1</run_address>
         <size>0x24</size>
         <input_file_ref idref="fl-2"/>
      </object_component>
      <object_component id="oc-80">
         <name>.debug_abbrev</name>
         <load_address>0x1f5</load_address>
         <run_address>0x1f5</run_address>
         <size>0x68</size>
         <input_file_ref idref="fl-3"/>
      </object_component>
      <object_component id="oc-3c">
         <name>.debug_abbrev</name>
         <load_address>0x25d</load_address>
         <run_address>0x25d</run_address>
         <size>0x29</size>
         <input_file_ref idref="fl-3"/>
      </object_component>
      <object_component id="oc-7c">
         <name>.debug_abbrev</name>
         <load_address>0x286</load_address>
         <run_address>0x286</run_address>
         <size>0x50</size>
         <input_file_ref idref="fl-3"/>
      </object_component>
      <object_component id="oc-7d">
         <name>.debug_abbrev</name>
         <load_address>0x2d6</load_address>
         <run_address>0x2d6</run_address>
         <size>0x40</size>
         <input_file_ref idref="fl-3"/>
      </object_component>
      <object_component id="oc-7f">
         <name>.debug_abbrev</name>
         <load_address>0x316</load_address>
         <run_address>0x316</run_address>
         <size>0x40</size>
         <input_file_ref idref="fl-3"/>
      </object_component>
      <object_component id="oc-7e">
         <name>.debug_abbrev</name>
         <load_address>0x356</load_address>
         <run_address>0x356</run_address>
         <size>0x40</size>
         <input_file_ref idref="fl-3"/>
      </object_component>
      <object_component id="oc-179">
         <name>.debug_abbrev</name>
         <load_address>0x396</load_address>
         <run_address>0x396</run_address>
         <size>0x5f</size>
         <input_file_ref idref="fl-4"/>
      </object_component>
      <object_component id="oc-175">
         <name>.debug_abbrev</name>
         <load_address>0x3f5</load_address>
         <run_address>0x3f5</run_address>
         <size>0x27</size>
         <input_file_ref idref="fl-4"/>
      </object_component>
      <object_component id="oc-173">
         <name>.debug_abbrev</name>
         <load_address>0x41c</load_address>
         <run_address>0x41c</run_address>
         <size>0x27</size>
         <input_file_ref idref="fl-4"/>
      </object_component>
      <object_component id="oc-171">
         <name>.debug_abbrev</name>
         <load_address>0x443</load_address>
         <run_address>0x443</run_address>
         <size>0x27</size>
         <input_file_ref idref="fl-4"/>
      </object_component>
      <object_component id="oc-1a8">
         <name>.debug_abbrev</name>
         <load_address>0x46a</load_address>
         <run_address>0x46a</run_address>
         <size>0x7d</size>
         <input_file_ref idref="fl-4"/>
      </object_component>
      <object_component id="oc-186">
         <name>.debug_abbrev</name>
         <load_address>0x4e7</load_address>
         <run_address>0x4e7</run_address>
         <size>0x7a</size>
         <input_file_ref idref="fl-4"/>
      </object_component>
      <object_component id="oc-144">
         <name>.debug_abbrev</name>
         <load_address>0x561</load_address>
         <run_address>0x561</run_address>
         <size>0x7f</size>
         <input_file_ref idref="fl-4"/>
      </object_component>
      <object_component id="oc-177">
         <name>.debug_abbrev</name>
         <load_address>0x5e0</load_address>
         <run_address>0x5e0</run_address>
         <size>0x8b</size>
         <input_file_ref idref="fl-4"/>
      </object_component>
      <object_component id="oc-13c">
         <name>.debug_abbrev</name>
         <load_address>0x66b</load_address>
         <run_address>0x66b</run_address>
         <size>0x7b</size>
         <input_file_ref idref="fl-4"/>
      </object_component>
      <object_component id="oc-147">
         <name>.debug_abbrev</name>
         <load_address>0x6e6</load_address>
         <run_address>0x6e6</run_address>
         <size>0x24</size>
         <input_file_ref idref="fl-4"/>
      </object_component>
      <object_component id="oc-1ae">
         <name>.debug_abbrev</name>
         <load_address>0x70a</load_address>
         <run_address>0x70a</run_address>
         <size>0x4a</size>
         <input_file_ref idref="fl-bf"/>
      </object_component>
      <object_component id="oc-98">
         <name>.debug_abbrev</name>
         <load_address>0x754</load_address>
         <run_address>0x754</run_address>
         <size>0x37</size>
         <input_file_ref idref="fl-c1"/>
      </object_component>
      <object_component id="oc-4f">
         <name>.debug_abbrev</name>
         <load_address>0x78b</load_address>
         <run_address>0x78b</run_address>
         <size>0x74</size>
         <input_file_ref idref="fl-c1"/>
      </object_component>
      <object_component id="oc-52">
         <name>.debug_abbrev</name>
         <load_address>0x7ff</load_address>
         <run_address>0x7ff</run_address>
         <size>0x24</size>
         <input_file_ref idref="fl-c1"/>
      </object_component>
      <object_component id="oc-95">
         <name>.debug_abbrev</name>
         <load_address>0x823</load_address>
         <run_address>0x823</run_address>
         <size>0x24</size>
         <input_file_ref idref="fl-c1"/>
      </object_component>
      <object_component id="oc-ca">
         <name>.debug_abbrev</name>
         <load_address>0x847</load_address>
         <run_address>0x847</run_address>
         <size>0x37</size>
         <input_file_ref idref="fl-c2"/>
      </object_component>
      <object_component id="oc-3f">
         <name>.debug_abbrev</name>
         <load_address>0x87e</load_address>
         <run_address>0x87e</run_address>
         <size>0x6f</size>
         <input_file_ref idref="fl-c2"/>
      </object_component>
      <object_component id="oc-42">
         <name>.debug_abbrev</name>
         <load_address>0x8ed</load_address>
         <run_address>0x8ed</run_address>
         <size>0x24</size>
         <input_file_ref idref="fl-c2"/>
      </object_component>
      <object_component id="oc-c7">
         <name>.debug_abbrev</name>
         <load_address>0x911</load_address>
         <run_address>0x911</run_address>
         <size>0x35</size>
         <input_file_ref idref="fl-c2"/>
      </object_component>
      <object_component id="oc-8e">
         <name>.debug_abbrev</name>
         <load_address>0x946</load_address>
         <run_address>0x946</run_address>
         <size>0x24</size>
         <input_file_ref idref="fl-c2"/>
      </object_component>
      <object_component id="oc-7a">
         <name>.debug_abbrev</name>
         <load_address>0x96a</load_address>
         <run_address>0x96a</run_address>
         <size>0x29</size>
         <input_file_ref idref="fl-c3"/>
      </object_component>
      <object_component id="oc-b6">
         <name>.debug_abbrev</name>
         <load_address>0x993</load_address>
         <run_address>0x993</run_address>
         <size>0x61</size>
         <input_file_ref idref="fl-c3"/>
      </object_component>
      <object_component id="oc-14a">
         <name>.debug_abbrev</name>
         <load_address>0x9f4</load_address>
         <run_address>0x9f4</run_address>
         <size>0x45</size>
         <input_file_ref idref="fl-c4"/>
      </object_component>
      <object_component id="oc-1be">
         <name>.debug_abbrev</name>
         <load_address>0xa39</load_address>
         <run_address>0xa39</run_address>
         <size>0x38</size>
         <input_file_ref idref="fl-c7"/>
      </object_component>
      <object_component id="oc-92">
         <name>.debug_abbrev</name>
         <load_address>0xa71</load_address>
         <run_address>0xa71</run_address>
         <size>0x3e</size>
         <input_file_ref idref="fl-c8"/>
      </object_component>
      <object_component id="oc-195">
         <name>.debug_abbrev</name>
         <load_address>0xaaf</load_address>
         <run_address>0xaaf</run_address>
         <size>0xdb</size>
         <input_file_ref idref="fl-ca"/>
      </object_component>
      <object_component id="oc-154">
         <name>.debug_abbrev</name>
         <load_address>0xb8a</load_address>
         <run_address>0xb8a</run_address>
         <size>0x7e</size>
         <input_file_ref idref="fl-ca"/>
      </object_component>
      <object_component id="oc-199">
         <name>.debug_abbrev</name>
         <load_address>0xc08</load_address>
         <run_address>0xc08</run_address>
         <size>0x24</size>
         <input_file_ref idref="fl-ca"/>
      </object_component>
      <object_component id="oc-1b4">
         <name>.debug_abbrev</name>
         <load_address>0xc2c</load_address>
         <run_address>0xc2c</run_address>
         <size>0x24</size>
         <input_file_ref idref="fl-ca"/>
      </object_component>
      <object_component id="oc-19e">
         <name>.debug_abbrev</name>
         <load_address>0xc50</load_address>
         <run_address>0xc50</run_address>
         <size>0x24</size>
         <input_file_ref idref="fl-ca"/>
      </object_component>
      <object_component id="oc-1a3">
         <name>.debug_abbrev</name>
         <load_address>0xc74</load_address>
         <run_address>0xc74</run_address>
         <size>0x4b</size>
         <input_file_ref idref="fl-ca"/>
      </object_component>
      <object_component id="oc-d4">
         <name>.debug_abbrev</name>
         <load_address>0xcbf</load_address>
         <run_address>0xcbf</run_address>
         <size>0x55</size>
         <input_file_ref idref="fl-cb"/>
      </object_component>
      <object_component id="oc-16c">
         <name>.debug_abbrev</name>
         <load_address>0xd14</load_address>
         <run_address>0xd14</run_address>
         <size>0x1f</size>
         <input_file_ref idref="fl-cd"/>
      </object_component>
      <object_component id="oc-12c">
         <name>.debug_abbrev</name>
         <load_address>0xd33</load_address>
         <run_address>0xd33</run_address>
         <size>0x35</size>
         <input_file_ref idref="fl-cd"/>
      </object_component>
      <object_component id="oc-16f">
         <name>.debug_abbrev</name>
         <load_address>0xd68</load_address>
         <run_address>0xd68</run_address>
         <size>0x72</size>
         <input_file_ref idref="fl-ce"/>
      </object_component>
      <object_component id="oc-129">
         <name>.debug_abbrev</name>
         <load_address>0xdda</load_address>
         <run_address>0xdda</run_address>
         <size>0x6c</size>
         <input_file_ref idref="fl-ce"/>
      </object_component>
      <object_component id="oc-1eb">
         <name>.debug_abbrev</name>
         <load_address>0xe46</load_address>
         <run_address>0xe46</run_address>
         <size>0xf</size>
      </object_component>
      <object_component id="oc-86">
         <name>.debug_str</name>
         <load_address>0x0</load_address>
         <run_address>0x0</run_address>
         <size>0x2ae</size>
         <input_file_ref idref="fl-2"/>
      </object_component>
      <object_component id="oc-49">
         <name>.debug_str</name>
         <load_address>0x2ae</load_address>
         <run_address>0x2ae</run_address>
         <size>0xfa</size>
         <input_file_ref idref="fl-2"/>
      </object_component>
      <object_component id="oc-c3">
         <name>.debug_str</name>
         <load_address>0x3a8</load_address>
         <run_address>0x3a8</run_address>
         <size>0x33d</size>
         <input_file_ref idref="fl-2"/>
      </object_component>
      <object_component id="oc-8b">
         <name>.debug_str</name>
         <load_address>0x6e5</load_address>
         <run_address>0x6e5</run_address>
         <size>0x146</size>
         <input_file_ref idref="fl-2"/>
      </object_component>
      <object_component id="oc-149">
         <name>.debug_str</name>
         <load_address>0x82b</load_address>
         <run_address>0x82b</run_address>
         <size>0xe1</size>
         <input_file_ref idref="fl-4"/>
      </object_component>
      <object_component id="oc-54">
         <name>.debug_str</name>
         <load_address>0x90c</load_address>
         <run_address>0x90c</run_address>
         <size>0x10b</size>
         <input_file_ref idref="fl-c1"/>
      </object_component>
      <object_component id="oc-97">
         <name>.debug_str</name>
         <load_address>0xa17</load_address>
         <run_address>0xa17</run_address>
         <size>0x143</size>
         <input_file_ref idref="fl-c1"/>
      </object_component>
      <object_component id="oc-44">
         <name>.debug_str</name>
         <load_address>0xb5a</load_address>
         <run_address>0xb5a</run_address>
         <size>0x118</size>
         <input_file_ref idref="fl-c2"/>
      </object_component>
      <object_component id="oc-c9">
         <name>.debug_str</name>
         <load_address>0xc72</load_address>
         <run_address>0xc72</run_address>
         <size>0x16e</size>
         <input_file_ref idref="fl-c2"/>
      </object_component>
      <object_component id="oc-90">
         <name>.debug_str</name>
         <load_address>0xde0</load_address>
         <run_address>0xde0</run_address>
         <size>0x15b</size>
         <input_file_ref idref="fl-c2"/>
      </object_component>
      <object_component id="oc-19b">
         <name>.debug_str</name>
         <load_address>0xf3b</load_address>
         <run_address>0xf3b</run_address>
         <size>0xed</size>
         <input_file_ref idref="fl-ca"/>
      </object_component>
      <object_component id="oc-1b6">
         <name>.debug_str</name>
         <load_address>0x1028</load_address>
         <run_address>0x1028</run_address>
         <size>0x15a</size>
         <input_file_ref idref="fl-ca"/>
      </object_component>
      <object_component id="oc-1a0">
         <name>.debug_str</name>
         <load_address>0x1182</load_address>
         <run_address>0x1182</run_address>
         <size>0x153</size>
         <input_file_ref idref="fl-ca"/>
      </object_component>
      <object_component id="oc-1a5">
         <name>.debug_str</name>
         <load_address>0x12d5</load_address>
         <run_address>0x12d5</run_address>
         <size>0x19a</size>
         <input_file_ref idref="fl-ca"/>
      </object_component>
      <object_component id="oc-16e">
         <name>.debug_str</name>
         <load_address>0x146f</load_address>
         <run_address>0x146f</run_address>
         <size>0xf5</size>
         <input_file_ref idref="fl-cd"/>
      </object_component>
      <object_component id="oc-12e">
         <name>.debug_str</name>
         <load_address>0x1564</load_address>
         <run_address>0x1564</run_address>
         <size>0x241</size>
         <input_file_ref idref="fl-cd"/>
      </object_component>
      <object_component id="oc-af">
         <name>.debug_aranges</name>
         <load_address>0x0</load_address>
         <run_address>0x0</run_address>
         <size>0x20</size>
         <input_file_ref idref="fl-2"/>
      </object_component>
      <object_component id="oc-26">
         <name>.debug_aranges</name>
         <load_address>0x20</load_address>
         <run_address>0x20</run_address>
         <size>0x20</size>
         <input_file_ref idref="fl-3"/>
      </object_component>
      <object_component id="oc-2c">
         <name>.debug_aranges</name>
         <load_address>0x40</load_address>
         <run_address>0x40</run_address>
         <size>0x20</size>
         <input_file_ref idref="fl-3"/>
      </object_component>
      <object_component id="oc-38">
         <name>.debug_aranges</name>
         <load_address>0x60</load_address>
         <run_address>0x60</run_address>
         <size>0x20</size>
         <input_file_ref idref="fl-3"/>
      </object_component>
      <object_component id="oc-32">
         <name>.debug_aranges</name>
         <load_address>0x80</load_address>
         <run_address>0x80</run_address>
         <size>0x20</size>
         <input_file_ref idref="fl-3"/>
      </object_component>
      <object_component id="oc-17d">
         <name>.debug_aranges</name>
         <load_address>0xa0</load_address>
         <run_address>0xa0</run_address>
         <size>0x20</size>
         <input_file_ref idref="fl-4"/>
      </object_component>
      <object_component id="oc-140">
         <name>.debug_aranges</name>
         <load_address>0xc0</load_address>
         <run_address>0xc0</run_address>
         <size>0x20</size>
         <input_file_ref idref="fl-4"/>
      </object_component>
      <object_component id="oc-e3">
         <name>.debug_aranges</name>
         <load_address>0xe0</load_address>
         <run_address>0xe0</run_address>
         <size>0x20</size>
         <input_file_ref idref="fl-4"/>
      </object_component>
      <object_component id="oc-13a">
         <name>.debug_aranges</name>
         <load_address>0x100</load_address>
         <run_address>0x100</run_address>
         <size>0x20</size>
         <input_file_ref idref="fl-4"/>
      </object_component>
      <object_component id="oc-dd">
         <name>.debug_aranges</name>
         <load_address>0x120</load_address>
         <run_address>0x120</run_address>
         <size>0x20</size>
         <input_file_ref idref="fl-4"/>
      </object_component>
      <object_component id="oc-182">
         <name>.debug_aranges</name>
         <load_address>0x140</load_address>
         <run_address>0x140</run_address>
         <size>0x20</size>
         <input_file_ref idref="fl-bf"/>
      </object_component>
      <object_component id="oc-1a">
         <name>.debug_aranges</name>
         <load_address>0x160</load_address>
         <run_address>0x160</run_address>
         <size>0x20</size>
         <input_file_ref idref="fl-c1"/>
      </object_component>
      <object_component id="oc-14">
         <name>.debug_aranges</name>
         <load_address>0x180</load_address>
         <run_address>0x180</run_address>
         <size>0x20</size>
         <input_file_ref idref="fl-c2"/>
      </object_component>
      <object_component id="oc-69">
         <name>.debug_aranges</name>
         <load_address>0x1a0</load_address>
         <run_address>0x1a0</run_address>
         <size>0x20</size>
         <input_file_ref idref="fl-c3"/>
      </object_component>
      <object_component id="oc-eb">
         <name>.debug_aranges</name>
         <load_address>0x1c0</load_address>
         <run_address>0x1c0</run_address>
         <size>0x20</size>
         <input_file_ref idref="fl-c4"/>
      </object_component>
      <object_component id="oc-1ab">
         <name>.debug_aranges</name>
         <load_address>0x1e0</load_address>
         <run_address>0x1e0</run_address>
         <size>0x20</size>
         <input_file_ref idref="fl-c7"/>
      </object_component>
      <object_component id="oc-4c">
         <name>.debug_aranges</name>
         <load_address>0x200</load_address>
         <run_address>0x200</run_address>
         <size>0x20</size>
         <input_file_ref idref="fl-c8"/>
      </object_component>
      <object_component id="oc-f7">
         <name>.debug_aranges</name>
         <load_address>0x220</load_address>
         <run_address>0x220</run_address>
         <size>0x20</size>
         <input_file_ref idref="fl-ca"/>
      </object_component>
      <object_component id="oc-a9">
         <name>.debug_aranges</name>
         <load_address>0x240</load_address>
         <run_address>0x240</run_address>
         <size>0x20</size>
         <input_file_ref idref="fl-cb"/>
      </object_component>
      <object_component id="oc-d7">
         <name>.debug_aranges</name>
         <load_address>0x260</load_address>
         <run_address>0x260</run_address>
         <size>0x20</size>
         <input_file_ref idref="fl-ce"/>
      </object_component>
      <object_component id="oc-b0">
         <name>.debug_pubnames</name>
         <load_address>0x0</load_address>
         <run_address>0x0</run_address>
         <size>0x1b</size>
         <input_file_ref idref="fl-2"/>
      </object_component>
      <object_component id="oc-11">
         <name>.debug_pubnames</name>
         <load_address>0x1b</load_address>
         <run_address>0x1b</run_address>
         <size>0x23</size>
         <input_file_ref idref="fl-3"/>
      </object_component>
      <object_component id="oc-27">
         <name>.debug_pubnames</name>
         <load_address>0x3e</load_address>
         <run_address>0x3e</run_address>
         <size>0x1f</size>
         <input_file_ref idref="fl-3"/>
      </object_component>
      <object_component id="oc-2d">
         <name>.debug_pubnames</name>
         <load_address>0x5d</load_address>
         <run_address>0x5d</run_address>
         <size>0x1c</size>
         <input_file_ref idref="fl-3"/>
      </object_component>
      <object_component id="oc-39">
         <name>.debug_pubnames</name>
         <load_address>0x79</load_address>
         <run_address>0x79</run_address>
         <size>0x28</size>
         <input_file_ref idref="fl-3"/>
      </object_component>
      <object_component id="oc-33">
         <name>.debug_pubnames</name>
         <load_address>0xa1</load_address>
         <run_address>0xa1</run_address>
         <size>0x1f</size>
         <input_file_ref idref="fl-3"/>
      </object_component>
      <object_component id="oc-138">
         <name>.debug_pubnames</name>
         <load_address>0xc0</load_address>
         <run_address>0xc0</run_address>
         <size>0x21</size>
         <input_file_ref idref="fl-4"/>
      </object_component>
      <object_component id="oc-135">
         <name>.debug_pubnames</name>
         <load_address>0xe1</load_address>
         <run_address>0xe1</run_address>
         <size>0x25</size>
         <input_file_ref idref="fl-4"/>
      </object_component>
      <object_component id="oc-132">
         <name>.debug_pubnames</name>
         <load_address>0x106</load_address>
         <run_address>0x106</run_address>
         <size>0x27</size>
         <input_file_ref idref="fl-4"/>
      </object_component>
      <object_component id="oc-17e">
         <name>.debug_pubnames</name>
         <load_address>0x12d</load_address>
         <run_address>0x12d</run_address>
         <size>0x20</size>
         <input_file_ref idref="fl-4"/>
      </object_component>
      <object_component id="oc-141">
         <name>.debug_pubnames</name>
         <load_address>0x14d</load_address>
         <run_address>0x14d</run_address>
         <size>0x22</size>
         <input_file_ref idref="fl-4"/>
      </object_component>
      <object_component id="oc-e4">
         <name>.debug_pubnames</name>
         <load_address>0x16f</load_address>
         <run_address>0x16f</run_address>
         <size>0x21</size>
         <input_file_ref idref="fl-4"/>
      </object_component>
      <object_component id="oc-13b">
         <name>.debug_pubnames</name>
         <load_address>0x190</load_address>
         <run_address>0x190</run_address>
         <size>0x1f</size>
         <input_file_ref idref="fl-4"/>
      </object_component>
      <object_component id="oc-de">
         <name>.debug_pubnames</name>
         <load_address>0x1af</load_address>
         <run_address>0x1af</run_address>
         <size>0x26</size>
         <input_file_ref idref="fl-4"/>
      </object_component>
      <object_component id="oc-185">
         <name>.debug_pubnames</name>
         <load_address>0x1d5</load_address>
         <run_address>0x1d5</run_address>
         <size>0x27</size>
         <input_file_ref idref="fl-bf"/>
      </object_component>
      <object_component id="oc-1b">
         <name>.debug_pubnames</name>
         <load_address>0x1fc</load_address>
         <run_address>0x1fc</run_address>
         <size>0x2b</size>
         <input_file_ref idref="fl-c1"/>
      </object_component>
      <object_component id="oc-15">
         <name>.debug_pubnames</name>
         <load_address>0x227</load_address>
         <run_address>0x227</run_address>
         <size>0x2b</size>
         <input_file_ref idref="fl-c2"/>
      </object_component>
      <object_component id="oc-23">
         <name>.debug_pubnames</name>
         <load_address>0x252</load_address>
         <run_address>0x252</run_address>
         <size>0x1e</size>
         <input_file_ref idref="fl-c3"/>
      </object_component>
      <object_component id="oc-6b">
         <name>.debug_pubnames</name>
         <load_address>0x270</load_address>
         <run_address>0x270</run_address>
         <size>0x26</size>
         <input_file_ref idref="fl-c3"/>
      </object_component>
      <object_component id="oc-ec">
         <name>.debug_pubnames</name>
         <load_address>0x296</load_address>
         <run_address>0x296</run_address>
         <size>0x1c</size>
         <input_file_ref idref="fl-c4"/>
      </object_component>
      <object_component id="oc-1ac">
         <name>.debug_pubnames</name>
         <load_address>0x2b2</load_address>
         <run_address>0x2b2</run_address>
         <size>0x27</size>
         <input_file_ref idref="fl-c7"/>
      </object_component>
      <object_component id="oc-4d">
         <name>.debug_pubnames</name>
         <load_address>0x2d9</load_address>
         <run_address>0x2d9</run_address>
         <size>0x1d</size>
         <input_file_ref idref="fl-c8"/>
      </object_component>
      <object_component id="oc-f8">
         <name>.debug_pubnames</name>
         <load_address>0x2f6</load_address>
         <run_address>0x2f6</run_address>
         <size>0x35</size>
         <input_file_ref idref="fl-ca"/>
      </object_component>
      <object_component id="oc-aa">
         <name>.debug_pubnames</name>
         <load_address>0x32b</load_address>
         <run_address>0x32b</run_address>
         <size>0x27</size>
         <input_file_ref idref="fl-cb"/>
      </object_component>
      <object_component id="oc-d8">
         <name>.debug_pubnames</name>
         <load_address>0x352</load_address>
         <run_address>0x352</run_address>
         <size>0x29</size>
         <input_file_ref idref="fl-ce"/>
      </object_component>
      <object_component id="oc-83">
         <name>.debug_pubtypes</name>
         <load_address>0x0</load_address>
         <run_address>0x0</run_address>
         <size>0x25c</size>
         <input_file_ref idref="fl-2"/>
      </object_component>
      <object_component id="oc-46">
         <name>.debug_pubtypes</name>
         <load_address>0x25c</load_address>
         <run_address>0x25c</run_address>
         <size>0xed</size>
         <input_file_ref idref="fl-2"/>
      </object_component>
      <object_component id="oc-c0">
         <name>.debug_pubtypes</name>
         <load_address>0x349</load_address>
         <run_address>0x349</run_address>
         <size>0x325</size>
         <input_file_ref idref="fl-2"/>
      </object_component>
      <object_component id="oc-88">
         <name>.debug_pubtypes</name>
         <load_address>0x66e</load_address>
         <run_address>0x66e</run_address>
         <size>0xaa</size>
         <input_file_ref idref="fl-2"/>
      </object_component>
      <object_component id="oc-146">
         <name>.debug_pubtypes</name>
         <load_address>0x718</load_address>
         <run_address>0x718</run_address>
         <size>0x1e</size>
         <input_file_ref idref="fl-4"/>
      </object_component>
      <object_component id="oc-51">
         <name>.debug_pubtypes</name>
         <load_address>0x736</load_address>
         <run_address>0x736</run_address>
         <size>0x48</size>
         <input_file_ref idref="fl-c1"/>
      </object_component>
      <object_component id="oc-94">
         <name>.debug_pubtypes</name>
         <load_address>0x77e</load_address>
         <run_address>0x77e</run_address>
         <size>0x1d</size>
         <input_file_ref idref="fl-c1"/>
      </object_component>
      <object_component id="oc-41">
         <name>.debug_pubtypes</name>
         <load_address>0x79b</load_address>
         <run_address>0x79b</run_address>
         <size>0x5d</size>
         <input_file_ref idref="fl-c2"/>
      </object_component>
      <object_component id="oc-c6">
         <name>.debug_pubtypes</name>
         <load_address>0x7f8</load_address>
         <run_address>0x7f8</run_address>
         <size>0x48</size>
         <input_file_ref idref="fl-c2"/>
      </object_component>
      <object_component id="oc-8d">
         <name>.debug_pubtypes</name>
         <load_address>0x840</load_address>
         <run_address>0x840</run_address>
         <size>0x35</size>
         <input_file_ref idref="fl-c2"/>
      </object_component>
      <object_component id="oc-198">
         <name>.debug_pubtypes</name>
         <load_address>0x875</load_address>
         <run_address>0x875</run_address>
         <size>0x32</size>
         <input_file_ref idref="fl-ca"/>
      </object_component>
      <object_component id="oc-1b3">
         <name>.debug_pubtypes</name>
         <load_address>0x8a7</load_address>
         <run_address>0x8a7</run_address>
         <size>0x30</size>
         <input_file_ref idref="fl-ca"/>
      </object_component>
      <object_component id="oc-19d">
         <name>.debug_pubtypes</name>
         <load_address>0x8d7</load_address>
         <run_address>0x8d7</run_address>
         <size>0x2c</size>
         <input_file_ref idref="fl-ca"/>
      </object_component>
      <object_component id="oc-1a2">
         <name>.debug_pubtypes</name>
         <load_address>0x903</load_address>
         <run_address>0x903</run_address>
         <size>0x50</size>
         <input_file_ref idref="fl-ca"/>
      </object_component>
      <object_component id="oc-16b">
         <name>.debug_pubtypes</name>
         <load_address>0x953</load_address>
         <run_address>0x953</run_address>
         <size>0xff</size>
         <input_file_ref idref="fl-cd"/>
      </object_component>
      <object_component id="oc-12b">
         <name>.debug_pubtypes</name>
         <load_address>0xa52</load_address>
         <run_address>0xa52</run_address>
         <size>0x1c6</size>
         <input_file_ref idref="fl-cd"/>
      </object_component>
   </object_component_list>
   <logical_group_list>
      <logical_group id="lg-3" display="no" color="cyan">
         <name>.intvecs</name>
         <load_address>0x0</load_address>
         <run_address>0x0</run_address>
         <size>0x26c</size>
         <contents>
            <object_component_ref idref="oc-f"/>
         </contents>
      </logical_group>
      <logical_group id="lg-4" display="no" color="cyan">
         <name>.text</name>
         <load_address>0x26c</load_address>
         <run_address>0x26c</run_address>
         <size>0x53c</size>
         <contents>
            <object_component_ref idref="oc-13e"/>
            <object_component_ref idref="oc-30"/>
            <object_component_ref idref="oc-ad"/>
            <object_component_ref idref="oc-4a"/>
            <object_component_ref idref="oc-12"/>
            <object_component_ref idref="oc-db"/>
            <object_component_ref idref="oc-17b"/>
            <object_component_ref idref="oc-f5"/>
            <object_component_ref idref="oc-181"/>
            <object_component_ref idref="oc-68"/>
            <object_component_ref idref="oc-e1"/>
            <object_component_ref idref="oc-18"/>
            <object_component_ref idref="oc-24"/>
            <object_component_ref idref="oc-e7"/>
            <object_component_ref idref="oc-d5"/>
            <object_component_ref idref="oc-a7"/>
            <object_component_ref idref="oc-e9"/>
            <object_component_ref idref="oc-36"/>
            <object_component_ref idref="oc-2a"/>
            <object_component_ref idref="oc-1a9"/>
         </contents>
      </logical_group>
      <logical_group id="lg-5" display="no" color="cyan">
         <name>.const</name>
         <load_address>0x7a8</load_address>
         <run_address>0x7a8</run_address>
         <size>0x18</size>
         <contents>
            <object_component_ref idref="oc-133"/>
            <object_component_ref idref="oc-130"/>
         </contents>
      </logical_group>
      <logical_group id="lg-6" display="no" color="cyan">
         <name>.cinit</name>
         <load_address>0x7c0</load_address>
         <run_address>0x7c0</run_address>
         <size>0x18</size>
         <contents>
            <object_component_ref idref="oc-1e6"/>
            <object_component_ref idref="oc-1e8"/>
            <object_component_ref idref="oc-1e7"/>
         </contents>
      </logical_group>
      <logical_group id="lg-7" display="no" color="cyan">
         <name>.pinit</name>
         <run_address>0x0</run_address>
         <size>0x0</size>
         <contents>
         </contents>
      </logical_group>
      <logical_group id="lg-8" display="no" color="cyan">
         <name>.init_array</name>
         <run_address>0x0</run_address>
         <size>0x0</size>
         <contents>
         </contents>
      </logical_group>
      <logical_group id="lg-9" display="no" color="cyan">
         <name>.vtable</name>
         <run_address>0x0</run_address>
         <size>0x0</size>
         <contents>
         </contents>
      </logical_group>
      <logical_group id="lg-a" display="no" color="cyan">
         <name>.data</name>
         <run_address>0x20000200</run_address>
         <size>0x5</size>
         <contents>
            <object_component_ref idref="oc-136"/>
         </contents>
      </logical_group>
      <logical_group id="lg-b" display="no" color="cyan">
         <name>.bss</name>
         <run_address>0x0</run_address>
         <size>0x0</size>
         <contents>
         </contents>
      </logical_group>
      <logical_group id="lg-c" display="no" color="cyan">
         <name>.sysmem</name>
         <run_address>0x0</run_address>
         <size>0x0</size>
         <contents>
         </contents>
      </logical_group>
      <logical_group id="lg-d" display="no" color="cyan">
         <name>.stack</name>
         <run_address>0x20000000</run_address>
         <size>0x200</size>
         <contents>
            <object_component_ref idref="oc-21"/>
            <object_component_ref idref="oc-1e9"/>
         </contents>
      </logical_group>
      <logical_group id="lg-1bf" display="no" color="cyan">
         <name>.TI.noinit</name>
         <run_address>0x0</run_address>
         <size>0x0</size>
         <contents>
         </contents>
      </logical_group>
      <logical_group id="lg-1c0" display="no" color="cyan">
         <name>.TI.persistent</name>
         <run_address>0x0</run_address>
         <size>0x0</size>
         <contents>
         </contents>
      </logical_group>
      <logical_group id="lg-1ce" display="never" color="cyan">
         <name>.debug_info</name>
         <load_address>0x0</load_address>
         <run_address>0x0</run_address>
         <size>0x4783</size>
         <contents>
            <object_component_ref idref="oc-c4"/>
            <object_component_ref idref="oc-ae"/>
            <object_component_ref idref="oc-82"/>
            <object_component_ref idref="oc-45"/>
            <object_component_ref idref="oc-bf"/>
            <object_component_ref idref="oc-87"/>
            <object_component_ref idref="oc-3e"/>
            <object_component_ref idref="oc-10"/>
            <object_component_ref idref="oc-25"/>
            <object_component_ref idref="oc-2b"/>
            <object_component_ref idref="oc-37"/>
            <object_component_ref idref="oc-31"/>
            <object_component_ref idref="oc-13d"/>
            <object_component_ref idref="oc-137"/>
            <object_component_ref idref="oc-134"/>
            <object_component_ref idref="oc-131"/>
            <object_component_ref idref="oc-17c"/>
            <object_component_ref idref="oc-13f"/>
            <object_component_ref idref="oc-e2"/>
            <object_component_ref idref="oc-139"/>
            <object_component_ref idref="oc-dc"/>
            <object_component_ref idref="oc-145"/>
            <object_component_ref idref="oc-184"/>
            <object_component_ref idref="oc-55"/>
            <object_component_ref idref="oc-19"/>
            <object_component_ref idref="oc-50"/>
            <object_component_ref idref="oc-93"/>
            <object_component_ref idref="oc-91"/>
            <object_component_ref idref="oc-13"/>
            <object_component_ref idref="oc-40"/>
            <object_component_ref idref="oc-c5"/>
            <object_component_ref idref="oc-8c"/>
            <object_component_ref idref="oc-22"/>
            <object_component_ref idref="oc-6a"/>
            <object_component_ref idref="oc-ea"/>
            <object_component_ref idref="oc-1aa"/>
            <object_component_ref idref="oc-4b"/>
            <object_component_ref idref="oc-155"/>
            <object_component_ref idref="oc-f6"/>
            <object_component_ref idref="oc-197"/>
            <object_component_ref idref="oc-1b2"/>
            <object_component_ref idref="oc-19c"/>
            <object_component_ref idref="oc-1a1"/>
            <object_component_ref idref="oc-a8"/>
            <object_component_ref idref="oc-16a"/>
            <object_component_ref idref="oc-12a"/>
[...]
            <object_component_ref idref="oc-142"/>
            <object_component_ref idref="oc-e5"/>
            <object_component_ref idref="oc-178"/>
            <object_component_ref idref="oc-df"/>
            <object_component_ref idref="oc-148"/>
            <object_component_ref idref="oc-183"/>
            <object_component_ref idref="oc-99"/>
            <object_component_ref idref="oc-1d"/>
            <object_component_ref idref="oc-53"/>
            <object_component_ref idref="oc-96"/>
            <object_component_ref idref="oc-cb"/>
            <object_component_ref idref="oc-16"/>
            <object_component_ref idref="oc-43"/>
            <object_component_ref idref="oc-c8"/>
            <object_component_ref idref="oc-8f"/>
            <object_component_ref idref="oc-7b"/>
            <object_component_ref idref="oc-6c"/>
            <object_component_ref idref="oc-ed"/>
            <object_component_ref idref="oc-1ad"/>
            <object_component_ref idref="oc-4e"/>
            <object_component_ref idref="oc-196"/>
            <object_component_ref idref="oc-f9"/>
            <object_component_ref idref="oc-19a"/>
            <object_component_ref idref="oc-1b5"/>
            <object_component_ref idref="oc-19f"/>
            <object_component_ref idref="oc-1a4"/>
            <object_component_ref idref="oc-ab"/>
            <object_component_ref idref="oc-16d"/>
            <object_component_ref idref="oc-12d"/>
            <object_component_ref idref="oc-170"/>
            <object_component_ref idref="oc-d9"/>
         </contents>
      </logical_group>
      <logical_group id="lg-1d2" display="never" color="cyan">
         <name>.debug_frame</name>
         <load_address>0x0</load_address>
         <run_address>0x0</run_address>
         <size>0x5d3</size>
         <contents>
            <object_component_ref idref="oc-b2"/>
            <object_component_ref idref="oc-29"/>
            <object_component_ref idref="oc-2f"/>
            <object_component_ref idref="oc-3b"/>
            <object_component_ref idref="oc-35"/>
            <object_component_ref idref="oc-180"/>
            <object_component_ref idref="oc-143"/>
            <object_component_ref idref="oc-e6"/>
            <object_component_ref idref="oc-e0"/>
            <object_component_ref idref="oc-1c"/>
            <object_component_ref idref="oc-17"/>
            <object_component_ref idref="oc-6d"/>
            <object_component_ref idref="oc-ee"/>
            <object_component_ref idref="oc-fa"/>
            <object_component_ref idref="oc-ac"/>
            <object_component_ref idref="oc-da"/>
         </contents>
      </logical_group>
      <logical_group id="lg-1d4" display="never" color="cyan">
         <name>.debug_abbrev</name>
         <load_address>0x0</load_address>
         <run_address>0x0</run_address>
         <size>0xe55</size>
         <contents>
            <object_component_ref idref="oc-127"/>
            <object_component_ref idref="oc-e8"/>
            <object_component_ref idref="oc-84"/>
            <object_component_ref idref="oc-47"/>
            <object_component_ref idref="oc-c1"/>
            <object_component_ref idref="oc-89"/>
            <object_component_ref idref="oc-80"/>
            <object_component_ref idref="oc-3c"/>
            <object_component_ref idref="oc-7c"/>
            <object_component_ref idref="oc-7d"/>
            <object_component_ref idref="oc-7f"/>
            <object_component_ref idref="oc-7e"/>
            <object_component_ref idref="oc-179"/>
            <object_component_ref idref="oc-175"/>
            <object_component_ref idref="oc-173"/>
            <object_component_ref idref="oc-171"/>
            <object_component_ref idref="oc-1a8"/>
            <object_component_ref idref="oc-186"/>
            <object_component_ref idref="oc-144"/>
            <object_component_ref idref="oc-177"/>
            <object_component_ref idref="oc-13c"/>
            <object_component_ref idref="oc-147"/>
            <object_component_ref idref="oc-1ae"/>
            <object_component_ref idref="oc-98"/>
            <object_component_ref idref="oc-4f"/>
            <object_component_ref idref="oc-52"/>
            <object_component_ref idref="oc-95"/>
            <object_component_ref idref="oc-ca"/>
            <object_component_ref idref="oc-3f"/>
            <object_component_ref idref="oc-42"/>
            <object_component_ref idref="oc-c7"/>
            <object_component_ref idref="oc-8e"/>
            <object_component_ref idref="oc-7a"/>
            <object_component_ref idref="oc-b6"/>
            <object_component_ref idref="oc-14a"/>
            <object_component_ref idref="oc-1be"/>
            <object_component_ref idref="oc-92"/>
            <object_component_ref idref="oc-195"/>
            <object_component_ref idref="oc-154"/>
            <object_component_ref idref="oc-199"/>
            <object_component_ref idref="oc-1b4"/>
            <object_component_ref idref="oc-19e"/>
            <object_component_ref idref="oc-1a3"/>
            <object_component_ref idref="oc-d4"/>
            <object_component_ref idref="oc-16c"/>
            <object_component_ref idref="oc-12c"/>
            <object_component_ref idref="oc-16f"/>
            <object_component_ref idref="oc-129"/>
            <object_component_ref idref="oc-1eb"/>
         </contents>
      </logical_group>
      <logical_group id="lg-1d6" display="never" color="cyan">
         <name>.debug_str</name>
         <load_address>0x0</load_address>
         <run_address>0x0</run_address>
         <size>0x17a5</size>
         <contents>
            <object_component_ref idref="oc-86"/>
            <object_component_ref idref="oc-49"/>
            <object_component_ref idref="oc-c3"/>
            <object_component_ref idref="oc-8b"/>
            <object_component_ref idref="oc-149"/>
            <object_component_ref idref="oc-54"/>
            <object_component_ref idref="oc-97"/>
            <object_component_ref idref="oc-44"/>
            <object_component_ref idref="oc-c9"/>
            <object_component_ref idref="oc-90"/>
            <object_component_ref idref="oc-19b"/>
            <object_component_ref idref="oc-1b6"/>
            <object_component_ref idref="oc-1a0"/>
            <object_component_ref idref="oc-1a5"/>
            <object_component_ref idref="oc-16e"/>
            <object_component_ref idref="oc-12e"/>
         </contents>
      </logical_group>
      <logical_group id="lg-1d8" display="never" color="cyan">
         <name>.debug_aranges</name>
         <load_address>0x0</load_address>
         <run_address>0x0</run_address>
         <size>0x280</size>
         <contents>
            <object_component_ref idref="oc-af"/>
            <object_component_ref idref="oc-26"/>
            <object_component_ref idref="oc-2c"/>
            <object_component_ref idref="oc-38"/>
            <object_component_ref idref="oc-32"/>
            <object_component_ref idref="oc-17d"/>
            <object_component_ref idref="oc-140"/>
            <object_component_ref idref="oc-e3"/>
            <object_component_ref idref="oc-13a"/>
            <object_component_ref idref="oc-dd"/>
            <object_component_ref idref="oc-182"/>
            <object_component_ref idref="oc-1a"/>
            <object_component_ref idref="oc-14"/>
            <object_component_ref idref="oc-69"/>
            <object_component_ref idref="oc-eb"/>
            <object_component_ref idref="oc-1ab"/>
            <object_component_ref idref="oc-4c"/>
            <object_component_ref idref="oc-f7"/>
            <object_component_ref idref="oc-a9"/>
            <object_component_ref idref="oc-d7"/>
         </contents>
      </logical_group>
      <logical_group id="lg-1da" display="never" color="cyan">
         <name>.debug_pubnames</name>
         <load_address>0x0</load_address>
         <run_address>0x0</run_address>
         <size>0x37b</size>
         <contents>
            <object_component_ref idref="oc-b0"/>
            <object_component_ref idref="oc-11"/>
            <object_component_ref idref="oc-27"/>
            <object_component_ref idref="oc-2d"/>
            <object_component_ref idref="oc-39"/>
            <object_component_ref idref="oc-33"/>
            <object_component_ref idref="oc-138"/>
            <object_component_ref idref="oc-135"/>
            <object_component_ref idref="oc-132"/>
            <object_component_ref idref="oc-17e"/>
            <object_component_ref idref="oc-141"/>
            <object_component_ref idref="oc-e4"/>
            <object_component_ref idref="oc-13b"/>
            <object_component_ref idref="oc-de"/>
            <object_component_ref idref="oc-185"/>
            <object_component_ref idref="oc-1b"/>
            <object_component_ref idref="oc-15"/>
            <object_component_ref idref="oc-23"/>
            <object_component_ref idref="oc-6b"/>
            <object_component_ref idref="oc-ec"/>
            <object_component_ref idref="oc-1ac"/>
            <object_component_ref idref="oc-4d"/>
            <object_component_ref idref="oc-f8"/>
            <object_component_ref idref="oc-aa"/>
            <object_component_ref idref="oc-d8"/>
         </contents>
      </logical_group>
      <logical_group id="lg-1dc" display="never" color="cyan">
         <name>.debug_pubtypes</name>
         <load_address>0x0</load_address>
         <run_address>0x0</run_address>
         <size>0xc18</size>
         <contents>
            <object_component_ref idref="oc-83"/>
            <object_component_ref idref="oc-46"/>
            <object_component_ref idref="oc-c0"/>
            <object_component_ref idref="oc-88"/>
            <object_component_ref idref="oc-146"/>
            <object_component_ref idref="oc-51"/>
            <object_component_ref idref="oc-94"/>
            <object_component_ref idref="oc-41"/>
            <object_component_ref idref="oc-c6"/>
            <object_component_ref idref="oc-8d"/>
            <object_component_ref idref="oc-198"/>
            <object_component_ref idref="oc-1b3"/>
            <object_component_ref idref="oc-19d"/>
            <object_component_ref idref="oc-1a2"/>
            <object_component_ref idref="oc-16b"/>
            <object_component_ref idref="oc-12b"/>
         </contents>
      </logical_group>
      <load_segment id="lg-1ed" display="no" color="cyan">
         <name>SEGMENT_0</name>
         <load_address>0x0</load_address>
         <run_address>0x0</run_address>
         <size>0x7d8</size>
         <flags>0x5</flags>
         <contents>
            <logical_group_ref idref="lg-3"/>
            <logical_group_ref idref="lg-4"/>
            <logical_group_ref idref="lg-5"/>
            <logical_group_ref idref="lg-6"/>
         </contents>
      </load_segment>
      <load_segment id="lg-1ee" display="no" color="cyan">
         <name>SEGMENT_1</name>
         <run_address>0x20000000</run_address>
         <size>0x205</size>
         <flags>0x6</flags>
         <contents>
            <logical_group_ref idref="lg-d"/>
            <logical_group_ref idref="lg-a"/>
         </contents>
      </load_segment>
   </logical_group_list>
   <placement_map>
      <memory_area display="yes" color="green">
         <name>FLASH</name>
         <page_id>0x0</page_id>
         <origin>0x0</origin>
         <length>0x40000</length>
         <used_space>0x7d8</used_space>
         <unused_space>0x3f828</unused_space>
         <attributes>RX</attributes>
         <usage_details>
            <allocated_space>
               <start_address>0x0</start_address>
               <size>0x26c</size>
               <logical_group_ref idref="lg-3"/>
            </allocated_space>
            <allocated_space>
               <start_address>0x26c</start_address>
               <size>0x53c</size>
               <logical_group_ref idref="lg-4"/>
            </allocated_space>
            <allocated_space>
               <start_address>0x7a8</start_address>
               <size>0x18</size>
               <logical_group_ref idref="lg-5"/>
            </allocated_space>
            <allocated_space>
               <start_address>0x7c0</start_address>
               <size>0x18</size>
               <logical_group_ref idref="lg-6"/>
            </allocated_space>
            <available_space>
               <start_address>0x7d8</start_address>
               <size>0x3f828</size>
            </available_space>
         </usage_details>
      </memory_area>
      <memory_area display="yes" color="green">
         <name>SRAM</name>
         <page_id>0x0</page_id>
         <origin>0x20000000</origin>
         <length>0x8000</length>
         <used_space>0x205</used_space>
         <unused_space>0x7dfb</unused_space>
         <attributes>RWX</attributes>
         <usage_details>
            <allocated_space>
               <start_address>0x20000000</start_address>
               <size>0x200</size>
               <logical_group_ref idref="lg-d"/>
            </allocated_space>
            <allocated_space>
               <start_address>0x20000200</start_address>
               <size>0x5</size>
               <logical_group_ref idref="lg-a"/>
            </allocated_space>
            <available_space>
               <start_address>0x20000205</start_address>
               <size>0x7dfb</size>
            </available_space>
         </usage_details>
      </memory_area>
   </placement_map>
   <cptbl_list>
      <cptbl>
         <name>__TI_cinit_table</name>
         <cprec>
            <name>.data</name>
            <load_address>0x7c8</load_address>
            <load_size>0x7</load_size>
            <run_address>0x20000200</run_address>
            <run_size>0x5</run_size>
            <compression>lzss</compression>
         </cprec>
      </cptbl>
   </cptbl_list>
   <handler_table>
      <handler_table_name>__TI_handler_table</handler_table_name>
      <handler>
         <index>0x0</index>
         <name>__TI_decompress_lzss</name>
      </handler>
      <handler>
         <index>0x1</index>
         <name>__TI_decompress_none</name>
      </handler>
   </handler_table>
   <symbol_table>
      <symbol id="sm-1">
         <name>__STACK_TOP</name>
         <value>0x20000200</value>
      </symbol>
      <symbol id="sm-2">
         <name>__TI_CINIT_Base</name>
         <value>0x7d0</value>
      </symbol>
      <symbol id="sm-3">
         <name>__TI_CINIT_Limit</name>
         <value>0x7d8</value>
      </symbol>
      <symbol id="sm-4">
         <name>__TI_Handler_Table_Base</name>
         <value>0x7c0</value>
      </symbol>
      <symbol id="sm-5">
         <name>__TI_Handler_Table_Limit</name>
         <value>0x7c8</value>
      </symbol>
      <symbol id="sm-6">
         <name>binit</name>
         <value>0xffffffff</value>
      </symbol>
      <symbol id="sm-7">
         <name>__binit__</name>
         <value>0xffffffff</value>
      </symbol>
      <symbol id="sm-8">
         <name>__STACK_SIZE</name>
         <value>0x200</value>
      </symbol>
      <symbol id="sm-9">
         <name>__STACK_END</name>
         <value>0x20000200</value>
      </symbol>
      <symbol id="sm-a">
         <name>__c_args__</name>
         <value>0xffffffff</value>
      </symbol>
      <symbol id="sm-b">
         <name>__TI_pprof_out_hndl</name>
         <value>0xffffffff</value>
      </symbol>
      <symbol id="sm-c">
         <name>__TI_prof_data_start</name>
         <value>0xffffffff</value>
      </symbol>
      <symbol id="sm-d">
         <name>__TI_prof_data_size</name>
         <value>0xffffffff</value>
      </symbol>
      <symbol id="sm-4e">
         <name>main</name>
         <value>0x459</value>
         <object_component_ref idref="oc-ad"/>
      </symbol>
      <symbol id="sm-7f">
         <name>ResetISR</name>
         <value>0x789</value>
         <object_component_ref idref="oc-24"/>
      </symbol>
      <symbol id="sm-80">
         <name>g_pfnVectors</name>
         <value>0x0</value>
         <object_component_ref idref="oc-f"/>
      </symbol>
      <symbol id="sm-f3">
         <name>UARTStdioConfig</name>
         <value>0x5fd</value>
         <object_component_ref idref="oc-db"/>
      </symbol>
      <symbol id="sm-f4">
         <name>UARTwrite</name>
         <value>0x65d</value>
         <object_component_ref idref="oc-17b"/>
      </symbol>
      <symbol id="sm-f5">
         <name>UARTprintf</name>
         <value>0x761</value>
         <object_component_ref idref="oc-e1"/>
      </symbol>
      <symbol id="sm-f6">
         <name>UARTvprintf</name>
         <value>0x26d</value>
         <object_component_ref idref="oc-13e"/>
      </symbol>
      <symbol id="sm-105">
         <name>__aeabi_uidivmod</name>
         <value>0x6e9</value>
         <object_component_ref idref="oc-181"/>
      </symbol>
      <symbol id="sm-106">
         <name>__aeabi_uidiv</name>
         <value>0x6e9</value>
         <object_component_ref idref="oc-181"/>
      </symbol>
      <symbol id="sm-11e">
         <name>__TI_decompress_none</name>
         <value>0x77b</value>
         <object_component_ref idref="oc-18"/>
      </symbol>
      <symbol id="sm-141">
         <name>__TI_decompress_lzss</name>
         <value>0x595</value>
         <object_component_ref idref="oc-12"/>
      </symbol>
      <symbol id="sm-154">
         <name>__stack</name>
         <value>0x20000000</value>
         <object_component_ref idref="oc-21"/>
      </symbol>
      <symbol id="sm-155">
         <name>_c_int00_noargs</name>
         <value>0x729</value>
         <object_component_ref idref="oc-68"/>
      </symbol>
      <symbol id="sm-160">
         <name>C$$EXIT</name>
         <value>0x79f</value>
         <object_component_ref idref="oc-e9"/>
      </symbol>
      <symbol id="sm-161">
         <name>abort</name>
         <value>0x79f</value>
         <object_component_ref idref="oc-e9"/>
      </symbol>
      <symbol id="sm-16d">
         <name>__aeabi_idiv0</name>
         <value>0x7a7</value>
         <object_component_ref idref="oc-1a9"/>
      </symbol>
      <symbol id="sm-16e">
         <name>__aeabi_ldiv0</name>
         <value>0x7a7</value>
         <object_component_ref idref="oc-1a9"/>
      </symbol>
      <symbol id="sm-189">
         <name>memcpy</name>
         <value>0x4f9</value>
         <object_component_ref idref="oc-4a"/>
      </symbol>
      <symbol id="sm-18a">
         <name>__aeabi_memcpy</name>
         <value>0x4f9</value>
         <object_component_ref idref="oc-4a"/>
      </symbol>
      <symbol id="sm-18b">
         <name>__aeabi_memcpy8</name>
         <value>0x4f9</value>
         <object_component_ref idref="oc-4a"/>
      </symbol>
      <symbol id="sm-18c">
         <name>__aeabi_memcpy4</name>
         <value>0x4f9</value>
         <object_component_ref idref="oc-4a"/>
      </symbol>
      <symbol id="sm-1b5">
         <name>__TI_auto_init_nobinit_nopinit</name>
         <value>0x6a5</value>
         <object_component_ref idref="oc-f5"/>
      </symbol>
      <symbol id="sm-1bf">
         <name>_system_pre_init</name>
         <value>0x79b</value>
         <object_component_ref idref="oc-a7"/>
      </symbol>
      <symbol id="sm-1ce">
         <name>SysCtlDelay</name>
         <value>0x78f</value>
         <object_component_ref idref="oc-e7"/>
      </symbol>
      <symbol id="sm-1db">
         <name>UARTClockSourceSet</name>
         <value>0x795</value>
         <object_component_ref idref="oc-d5"/>
      </symbol>
      <symbol id="sm-1de">
         <name>__TI_static_base__</name>
         <value>0x0</value>
      </symbol>
      <symbol id="sm-1e1">
         <name>__mpu_init</name>
         <value>0x0</value>
      </symbol>
      <symbol id="sm-1e2">
         <name>_system_post_cinit</name>
         <value>0x0</value>
      </symbol>
   </symbol_table>
   <title>Link successful</title>
</link_info>
